Archive member included to satisfy reference by file (symbol)

/Users/jorgelarach/Desktop/STM PROJECT WOOO/Rubiks Cube/Middlewares/cube_solver/libcube_solver.a(cube_solver-9cb2d2c87d42d52d.cube_solver.7c6f56aa1cac7d27-cgu.0.rcgu.o)
                              ./Core/Src/main.o (solve_cube)
/Users/jorgelarach/Desktop/STM PROJECT WOOO/Rubiks Cube/Middlewares/cube_solver/libcube_solver.a(compiler_builtins-39ac331f3ed62a2e.compiler_builtins.5b228f9b2b2289d6-cgu.119.rcgu.o)
                              ./Core/Src/main.o (strlen)
/Users/jorgelarach/Desktop/STM PROJECT WOOO/Rubiks Cube/Middlewares/cube_solver/libcube_solver.a(compiler_builtins-39ac331f3ed62a2e.compiler_builtins.5b228f9b2b2289d6-cgu.302.rcgu.o)
                              /Applications/STM32CubeIDE.app/Contents/Eclipse/plugins/com.st.stm32cube.ide.mcu.externaltools.gnu-tools-for-stm32.13.3.rel1.macos64_1.0.0.202411102158/tools/bin/../lib/gcc/arm-none-eabi/13.3.1/../../../../arm-none-eabi/lib/thumb/v7e-m+fp/hard/crt0.o (memset)
/Users/jorgelarach/Desktop/STM PROJECT WOOO/Rubiks Cube/Middlewares/cube_solver/libcube_solver.a(compiler_builtins-39ac331f3ed62a2e.compiler_builtins.5b228f9b2b2289d6-cgu.340.rcgu.o)
                              ./Middlewares/Third_Party/FreeRTOS/Source/CMSIS_RTOS_V2/cmsis_os2.o (memcpy)
/Users/jorgelarach/Desktop/STM PROJECT WOOO/Rubiks Cube/Middlewares/cube_solver/libcube_solver.a(compiler_builtins-39ac331f3ed62a2e.compiler_builtins.5b228f9b2b2289d6-cgu.413.rcgu.o)
                              ./Drivers/STM32F4xx_HAL_Driver/Src/stm32f4xx_hal_rcc.o (__aeabi_uldivmod)
/Users/jorgelarach/Desktop/STM PROJECT WOOO/Rubiks Cube/Middlewares/cube_solver/libcube_solver.a(compiler_builtins-39ac331f3ed62a2e.compiler_builtins.5b228f9b2b2289d6-cgu.012.rcgu.o)
                              /Users/jorgelarach/Desktop/STM PROJECT WOOO/Rubiks Cube/Middlewares/cube_solver/libcube_solver.a(compiler_builtins-39ac331f3ed62a2e.compiler_builtins.5b228f9b2b2289d6-cgu.340.rcgu.o) (compiler_builtins::mem::memcpy)
/Users/jorgelarach/Desktop/STM PROJECT WOOO/Rubiks Cube/Middlewares/cube_solver/libcube_solver.a(compiler_builtins-39ac331f3ed62a2e.compiler_builtins.5b228f9b2b2289d6-cgu.279.rcgu.o)
                              /Users/jorgelarach/Desktop/STM PROJECT WOOO/Rubiks Cube/Middlewares/cube_solver/libcube_solver.a(compiler_builtins-39ac331f3ed62a2e.compiler_builtins.5b228f9b2b2289d6-cgu.413.rcgu.o) (__udivmoddi4)
/Users/jorgelarach/Desktop/STM PROJECT WOOO/Rubiks Cube/Middlewares/cube_solver/libcube_solver.a(compiler_builtins-39ac331f3ed62a2e.compiler_builtins.5b228f9b2b2289d6-cgu.017.rcgu.o)
                              /Users/jorgelarach/Desktop/STM PROJECT WOOO/Rubiks Cube/Middlewares/cube_solver/libcube_solver.a(compiler_builtins-39ac331f3ed62a2e.compiler_builtins.5b228f9b2b2289d6-cgu.279.rcgu.o) (compiler_builtins::int::specialized_div_rem::u64_div_rem)
/Applications/STM32CubeIDE.app/Contents/Eclipse/plugins/com.st.stm32cube.ide.mcu.externaltools.gnu-tools-for-stm32.13.3.rel1.macos64_1.0.0.202411102158/tools/bin/../lib/gcc/arm-none-eabi/13.3.1/../../../../arm-none-eabi/lib/thumb/v7e-m+fp/hard/libc_nano.a(libc_a-exit.o)
                              /Applications/STM32CubeIDE.app/Contents/Eclipse/plugins/com.st.stm32cube.ide.mcu.externaltools.gnu-tools-for-stm32.13.3.rel1.macos64_1.0.0.202411102158/tools/bin/../lib/gcc/arm-none-eabi/13.3.1/../../../../arm-none-eabi/lib/thumb/v7e-m+fp/hard/crt0.o (exit)
/Applications/STM32CubeIDE.app/Contents/Eclipse/plugins/com.st.stm32cube.ide.mcu.externaltools.gnu-tools-for-stm32.13.3.rel1.macos64_1.0.0.202411102158/tools/bin/../lib/gcc/arm-none-eabi/13.3.1/../../../../arm-none-eabi/lib/thumb/v7e-m+fp/hard/libc_nano.a(libc_a-snprintf.o)
                              ./Core/Src/main.o (snprintf)
/Applications/STM32CubeIDE.app/Contents/Eclipse/plugins/com.st.stm32cube.ide.mcu.externaltools.gnu-tools-for-stm32.13.3.rel1.macos64_1.0.0.202411102158/tools/bin/../lib/gcc/arm-none-eabi/13.3.1/../../../../arm-none-eabi/lib/thumb/v7e-m+fp/hard/libc_nano.a(libc_a-findfp.o)
                              ./Middlewares/Third_Party/FreeRTOS/Source/tasks.o (__sf)
/Applications/STM32CubeIDE.app/Contents/Eclipse/plugins/com.st.stm32cube.ide.mcu.externaltools.gnu-tools-for-stm32.13.3.rel1.macos64_1.0.0.202411102158/tools/bin/../lib/gcc/arm-none-eabi/13.3.1/../../../../arm-none-eabi/lib/thumb/v7e-m+fp/hard/libc_nano.a(libc_a-fwalk.o)
                              /Applications/STM32CubeIDE.app/Contents/Eclipse/plugins/com.st.stm32cube.ide.mcu.externaltools.gnu-tools-for-stm32.13.3.rel1.macos64_1.0.0.202411102158/tools/bin/../lib/gcc/arm-none-eabi/13.3.1/../../../../arm-none-eabi/lib/thumb/v7e-m+fp/hard/libc_nano.a(libc_a-findfp.o) (_fwalk_sglue)
/Applications/STM32CubeIDE.app/Contents/Eclipse/plugins/com.st.stm32cube.ide.mcu.externaltools.gnu-tools-for-stm32.13.3.rel1.macos64_1.0.0.202411102158/tools/bin/../lib/gcc/arm-none-eabi/13.3.1/../../../../arm-none-eabi/lib/thumb/v7e-m+fp/hard/libc_nano.a(libc_a-errno.o)
[...]
Memory Configuration

Name             Origin             Length             Attributes
RAM              0x20000000         0x00018000         xrw
FLASH            0x08000000         0x00080000         xr
*default*        0x00000000         0xffffffff

Linker script and memory map

LOAD /Applications/STM32CubeIDE.app/Contents/Eclipse/plugins/com.st.stm32cube.ide.mcu.externaltools.gnu-tools-for-stm32.13.3.rel1.macos64_1.0.0.202411102158/tools/bin/../lib/gcc/arm-none-eabi/13.3.1/thumb/v7e-m+fp/hard/crti.o
LOAD /Applications/STM32CubeIDE.app/Contents/Eclipse/plugins/com.st.stm32cube.ide.mcu.externaltools.gnu-tools-for-stm32.13.3.rel1.macos64_1.0.0.202411102158/tools/bin/../lib/gcc/arm-none-eabi/13.3.1/thumb/v7e-m+fp/hard/crtbegin.o
LOAD /Applications/STM32CubeIDE.app/Contents/Eclipse/plugins/com.st.stm32cube.ide.mcu.externaltools.gnu-tools-for-stm32.13.3.rel1.macos64_1.0.0.202411102158/tools/bin/../lib/gcc/arm-none-eabi/13.3.1/../../../../arm-none-eabi/lib/thumb/v7e-m+fp/hard/crt0.o
LOAD ./Core/Src/freertos.o
LOAD ./Core/Src/main.o
LOAD ./Core/Src/stepper.o
LOAD ./Core/Src/stepper_timer.o
LOAD ./Core/Src/stm32f4xx_hal_msp.o
LOAD ./Core/Src/stm32f4xx_hal_timebase_tim.o
LOAD ./Core/Src/stm32f4xx_it.o
LOAD ./Core/Src/syscalls.o
LOAD ./Core/Src/sysmem.o
LOAD ./Core/Src/system_stm32f4xx.o
LOAD ./Core/Startup/startup_stm32f401retx.o
LOAD ./Drivers/STM32F4xx_HAL_Driver/Src/stm32f4xx_hal.o
LOAD ./Drivers/STM32F4xx_HAL_Driver/Src/stm32f4xx_hal_cortex.o
LOAD ./Drivers/STM32F4xx_HAL_Driver/Src/stm32f4xx_hal_dma.o
LOAD ./Drivers/STM32F4xx_HAL_Driver/Src/stm32f4xx_hal_dma_ex.o
LOAD ./Drivers/STM32F4xx_HAL_Driver/Src/stm32f4xx_hal_exti.o
LOAD ./Drivers/STM32F4xx_HAL_Driver/Src/stm32f4xx_hal_flash.o
LOAD ./Drivers/STM32F4xx_HAL_Driver/Src/stm32f4xx_hal_flash_ex.o
LOAD ./Drivers/STM32F4xx_HAL_Driver/Src/stm32f4xx_hal_flash_ramfunc.o
LOAD ./Drivers/STM32F4xx_HAL_Driver/Src/stm32f4xx_hal_gpio.o
LOAD ./Drivers/STM32F4xx_HAL_Driver/Src/stm32f4xx_hal_pcd.o
LOAD ./Drivers/STM32F4xx_HAL_Driver/Src/stm32f4xx_hal_pcd_ex.o
LOAD ./Drivers/STM32F4xx_HAL_Driver/Src/stm32f4xx_hal_pwr.o
LOAD ./Drivers/STM32F4xx_HAL_Driver/Src/stm32f4xx_hal_pwr_ex.o
LOAD ./Drivers/STM32F4xx_HAL_Driver/Src/stm32f4xx_hal_rcc.o
LOAD ./Drivers/STM32F4xx_HAL_Driver/Src/stm32f4xx_hal_rcc_ex.o
LOAD ./Drivers/STM32F4xx_HAL_Driver/Src/stm32f4xx_hal_tim.o
LOAD ./Drivers/STM32F4xx_HAL_Driver/Src/stm32f4xx_hal_tim_ex.o
LOAD ./Drivers/STM32F4xx_HAL_Driver/Src/stm32f4xx_hal_uart.o
LOAD ./Drivers/STM32F4xx_HAL_Driver/Src/stm32f4xx_ll_usb.o
LOAD ./Middlewares/ST/STM32_USB_Device_Library/Class/CDC/Src/usbd_cdc.o
LOAD ./Middlewares/ST/STM32_USB_Device_Library/Core/Src/usbd_core.o
LOAD ./Middlewares/ST/STM32_USB_Device_Library/Core/Src/usbd_ctlreq.o
LOAD ./Middlewares/ST/STM32_USB_Device_Library/Core/Src/usbd_ioreq.o
LOAD ./Middlewares/Third_Party/FreeRTOS/Source/CMSIS_RTOS_V2/cmsis_os2.o
LOAD ./Middlewares/Third_Party/FreeRTOS/Source/croutine.o
LOAD ./Middlewares/Third_Party/FreeRTOS/Source/event_groups.o
LOAD ./Middlewares/Third_Party/FreeRTOS/Source/list.o
LOAD ./Middlewares/Third_Party/FreeRTOS/Source/queue.o
LOAD ./Middlewares/Third_Party/FreeRTOS/Source/stream_buffer.o
LOAD ./Middlewares/Third_Party/FreeRTOS/Source/tasks.o
LOAD ./Middlewares/Third_Party/FreeRTOS/Source/timers.o
LOAD ./Middlewares/Third_Party/FreeRTOS/Source/portable/GCC/ARM_CM4F/port.o
LOAD ./Middlewares/Third_Party/FreeRTOS/Source/portable/MemMang/heap_4.o
LOAD ./USB_DEVICE/App/usb_device.o
LOAD ./USB_DEVICE/App/usbd_cdc_if.o
LOAD ./USB_DEVICE/App/usbd_desc.o
LOAD ./USB_DEVICE/Target/usbd_conf.o
LOAD /Users/jorgelarach/Desktop/STM PROJECT WOOO/Rubiks Cube/Middlewares/cube_solver/libcube_solver.a
START GROUP
LOAD /Applications/STM32CubeIDE.app/Contents/Eclipse/plugins/com.st.stm32cube.ide.mcu.externaltools.gnu-tools-for-stm32.13.3.rel1.macos64_1.0.0.202411102158/tools/bin/../lib/gcc/arm-none-eabi/13.3.1/../../../../arm-none-eabi/lib/thumb/v7e-m+fp/hard/libc_nano.a
LOAD /Applications/STM32CubeIDE.app/Contents/Eclipse/plugins/com.st.stm32cube.ide.mcu.externaltools.gnu-tools-for-stm32.13.3.rel1.macos64_1.0.0.202411102158/tools/bin/../lib/gcc/arm-none-eabi/13.3.1/../../../../arm-none-eabi/lib/thumb/v7e-m+fp/hard/libm.a
END GROUP
START GROUP
LOAD /Applications/STM32CubeIDE.app/Contents/Eclipse/plugins/com.st.stm32cube.ide.mcu.externaltools.gnu-tools-for-stm32.13.3.rel1.macos64_1.0.0.202411102158/tools/bin/../lib/gcc/arm-none-eabi/13.3.1/thumb/v7e-m+fp/hard/libgcc.a
LOAD /Applications/STM32CubeIDE.app/Contents/Eclipse/plugins/com.st.stm32cube.ide.mcu.externaltools.gnu-tools-for-stm32.13.3.rel1.macos64_1.0.0.202411102158/tools/bin/../lib/gcc/arm-none-eabi/13.3.1/../../../../arm-none-eabi/lib/thumb/v7e-m+fp/hard/libc_nano.a
END GROUP
START GROUP
LOAD /Applications/STM32CubeIDE.app/Contents/Eclipse/plugins/com.st.stm32cube.ide.mcu.externaltools.gnu-tools-for-stm32.13.3.rel1.macos64_1.0.0.202411102158/tools/bin/../lib/gcc/arm-none-eabi/13.3.1/thumb/v7e-m+fp/hard/libgcc.a
LOAD /Applications/STM32CubeIDE.app/Contents/Eclipse/plugins/com.st.stm32cube.ide.mcu.externaltools.gnu-tools-for-stm32.13.3.rel1.macos64_1.0.0.202411102158/tools/bin/../lib/gcc/arm-none-eabi/13.3.1/../../../../arm-none-eabi/lib/thumb/v7e-m+fp/hard/libc_nano.a
LOAD /Applications/STM32CubeIDE.app/Contents/Eclipse/plugins/com.st.stm32cube.ide.mcu.externaltools.gnu-tools-for-stm32.13.3.rel1.macos64_1.0.0.202411102158/tools/bin/../lib/gcc/arm-none-eabi/13.3.1/../../../../arm-none-eabi/lib/thumb/v7e-m+fp/hard/libnosys.a
END GROUP
START GROUP
LOAD /Applications/STM32CubeIDE.app/Contents/Eclipse/plugins/com.st.stm32cube.ide.mcu.externaltools.gnu-tools-for-stm32.13.3.rel1.macos64_1.0.0.202411102158/tools/bin/../lib/gcc/arm-none-eabi/13.3.1/thumb/v7e-m+fp/hard/libgcc.a
LOAD /Applications/STM32CubeIDE.app/Contents/Eclipse/plugins/com.st.stm32cube.ide.mcu.externaltools.gnu-tools-for-stm32.13.3.rel1.macos64_1.0.0.202411102158/tools/bin/../lib/gcc/arm-none-eabi/13.3.1/../../../../arm-none-eabi/lib/thumb/v7e-m+fp/hard/libc_nano.a
LOAD /Applications/STM32CubeIDE.app/Contents/Eclipse/plugins/com.st.stm32cube.ide.mcu.externaltools.gnu-tools-for-stm32.13.3.rel1.macos64_1.0.0.202411102158/tools/bin/../lib/gcc/arm-none-eabi/13.3.1/../../../../arm-none-eabi/lib/thumb/v7e-m+fp/hard/libnosys.a
END GROUP
LOAD /Applications/STM32CubeIDE.app/Contents/Eclipse/plugins/com.st.stm32cube.ide.mcu.externaltools.gnu-tools-for-stm32.13.3.rel1.macos64_1.0.0.202411102158/tools/bin/../lib/gcc/arm-none-eabi/13.3.1/thumb/v7e-m+fp/hard/crtend.o
LOAD /Applications/STM32CubeIDE.app/Contents/Eclipse/plugins/com.st.stm32cube.ide.mcu.externaltools.gnu-tools-for-stm32.13.3.rel1.macos64_1.0.0.202411102158/tools/bin/../lib/gcc/arm-none-eabi/13.3.1/thumb/v7e-m+fp/hard/crtn.o
                0x20018000                        _estack = (ORIGIN (RAM) + LENGTH (RAM))
                0x00000200                        _Min_Heap_Size = 0x200
                0x00000400                        _Min_Stack_Size = 0x400

.isr_vector     0x08000000      0x194
                0x08000000                        . = ALIGN (0x4)
 *(.isr_vector)
 .isr_vector    0x08000000      0x194 ./Core/Startup/startup_stm32f401retx.o
                0x08000000                g_pfnVectors
                0x08000194                        . = ALIGN (0x4)

.text           0x080001a0     0xbda8
                0x080001a0                        . = ALIGN (0x4)
 *(.text)
 .text          0x080001a0       0x40 /Applications/STM32CubeIDE.app/Contents/Eclipse/plugins/com.st.stm32cube.ide.mcu.externaltools.gnu-tools-for-stm32.13.3.rel1.macos64_1.0.0.202411102158/tools/bin/../lib/gcc/arm-none-eabi/13.3.1/thumb/v7e-m+fp/hard/crtbegin.o
 .text          0x080001e0       0xa0 /Applications/STM32CubeIDE.app/Contents/Eclipse/plugins/com.st.stm32cube.ide.mcu.externaltools.gnu-tools-for-stm32.13.3.rel1.macos64_1.0.0.202411102158/tools/bin/../lib/gcc/arm-none-eabi/13.3.1/../../../../arm-none-eabi/lib/thumb/v7e-m+fp/hard/libc_nano.a(libc_a-memchr.o)
                0x080001e0                memchr
 *(.text*)
 .text.main     0x08000280       0xec ./Core/Src/main.o
                0x08000280                main
 .text.SystemClock_Config
                0x0800036c       0xd8 ./Core/Src/main.o
                0x0800036c                SystemClock_Config
 .text.MX_TIM3_Init
                0x08000444       0x98 ./Core/Src/main.o
 .text.MX_USART2_UART_Init
                0x080004dc       0x54 ./Core/Src/main.o
 .text.MX_GPIO_Init
                0x08000530      0x150 ./Core/Src/main.o
 .text.MotionTaskStart
                0x08000680       0x20 ./Core/Src/main.o
                0x08000680                MotionTaskStart
 .text.HAL_TIM_PeriodElapsedCallback
                0x080006a0       0x24 ./Core/Src/main.o
                0x080006a0                HAL_TIM_PeriodElapsedCallback
 .text.Error_Handler
                0x080006c4        0xc ./Core/Src/main.o
                0x080006c4                Error_Handler
 .text.stepper_init_all
                0x080006d0      0x124 ./Core/Src/stepper.o
                0x080006d0                stepper_init_all
 .text.stepper_move_90
                0x080007f4       0x5c ./Core/Src/stepper.o
                0x080007f4                stepper_move_90
 .text.stepper_tim3_irqhandler
                0x08000850       0xa8 ./Core/Src/stepper_timer.o
                0x08000850                stepper_tim3_irqhandler
 .text.stepper_tim3_start
                0x080008f8       0x24 ./Core/Src/stepper_timer.o
                0x080008f8                stepper_tim3_start
 .text.stepper_tim3_stop
                0x0800091c       0x20 ./Core/Src/stepper_timer.o
                0x0800091c                stepper_tim3_stop
 .text.stepper_tim3_enable_ir
                0x0800093c       0x20 ./Core/Src/stepper_timer.o
                0x0800093c                stepper_tim3_enable_ir
 .text.HAL_MspInit
                0x0800095c       0x58 ./Core/Src/stm32f4xx_hal_msp.o
                0x0800095c                HAL_MspInit
 .text.HAL_TIM_Base_MspInit
                0x080009b4       0x50 ./Core/Src/stm32f4xx_hal_msp.o
                0x080009b4                HAL_TIM_Base_MspInit
 .text.HAL_UART_MspInit
                0x08000a04       0x90 ./Core/Src/stm32f4xx_hal_msp.o
                0x08000a04                HAL_UART_MspInit
 .text.HAL_InitTick
                0x08000a94       0xe4 ./Core/Src/stm32f4xx_hal_timebase_tim.o
                0x08000a94                HAL_InitTick
 .text.NMI_Handler
                0x08000b78        0x8 ./Core/Src/stm32f4xx_it.o
                0x08000b78                NMI_Handler
 .text.HardFault_Handler
                0x08000b80        0x8 ./Core/Src/stm32f4xx_it.o
                0x08000b80                HardFault_Handler
 .text.MemManage_Handler
                0x08000b88        0x8 ./Core/Src/stm32f4xx_it.o
                0x08000b88                MemManage_Handler
 .text.BusFault_Handler
                0x08000b90        0x8 ./Core/Src/stm32f4xx_it.o
                0x08000b90                BusFault_Handler
 .text.UsageFault_Handler
                0x08000b98        0x8 ./Core/Src/stm32f4xx_it.o
                0x08000b98                UsageFault_Handler
 .text.DebugMon_Handler
                0x08000ba0        0xe ./Core/Src/stm32f4xx_it.o
                0x08000ba0                DebugMon_Handler
 *fill*         0x08000bae        0x2 
 .text.TIM1_UP_TIM10_IRQHandler
                0x08000bb0       0x14 ./Core/Src/stm32f4xx_it.o
                0x08000bb0                TIM1_UP_TIM10_IRQHandler
 .text.TIM3_IRQHandler
                0x08000bc4       0x18 ./Core/Src/stm32f4xx_it.o
                0x08000bc4                TIM3_IRQHandler
 .text.OTG_FS_IRQHandler
                0x08000bdc       0x14 ./Core/Src/stm32f4xx_it.o
                0x08000bdc                OTG_FS_IRQHandler
 .text._sbrk    0x08000bf0       0x6c ./Core/Src/sysmem.o
                0x08000bf0                _sbrk
 .text.SystemInit
                0x08000c5c       0x24 ./Core/Src/system_stm32f4xx.o
                0x08000c5c                SystemInit
 .text.Reset_Handler
                0x08000c80       0x50 ./Core/Startup/startup_stm32f401retx.o
                0x08000c80                Reset_Handler
 .text.Default_Handler
                0x08000cd0        0x2 ./Core/Startup/startup_stm32f401retx.o
                0x08000cd0                DMA1_Stream3_IRQHandler
                0x08000cd0                EXTI2_IRQHandler
                0x08000cd0                SPI4_IRQHandler
                0x08000cd0                TIM1_CC_IRQHandler
                0x08000cd0                DMA2_Stream5_IRQHandler
                0x08000cd0                DMA1_Stream5_IRQHandler
                0x08000cd0                PVD_IRQHandler
                0x08000cd0                SDIO_IRQHandler
                0x08000cd0                TAMP_STAMP_IRQHandler
                0x08000cd0                EXTI3_IRQHandler
                0x08000cd0                I2C3_ER_IRQHandler
                0x08000cd0                EXTI0_IRQHandler
                0x08000cd0                I2C2_EV_IRQHandler
                0x08000cd0                DMA1_Stream2_IRQHandler
                0x08000cd0                FPU_IRQHandler
                0x08000cd0                DMA2_Stream2_IRQHandler
                0x08000cd0                SPI1_IRQHandler
                0x08000cd0                TIM1_BRK_TIM9_IRQHandler
                0x08000cd0                DMA2_Stream3_IRQHandler
                0x08000cd0                USART6_IRQHandler
                0x08000cd0                DMA2_Stream0_IRQHandler
                0x08000cd0                TIM4_IRQHandler
                0x08000cd0                I2C1_EV_IRQHandler
                0x08000cd0                DMA1_Stream6_IRQHandler
                0x08000cd0                DMA1_Stream1_IRQHandler
                0x08000cd0                RCC_IRQHandler
                0x08000cd0                Default_Handler
                0x08000cd0                EXTI15_10_IRQHandler
                0x08000cd0                ADC_IRQHandler
                0x08000cd0                DMA1_Stream7_IRQHandler
                0x08000cd0                TIM5_IRQHandler
                0x08000cd0                DMA2_Stream7_IRQHandler
                0x08000cd0                I2C3_EV_IRQHandler
                0x08000cd0                EXTI9_5_IRQHandler
                0x08000cd0                RTC_WKUP_IRQHandler
                0x08000cd0                SPI2_IRQHandler
                0x08000cd0                DMA1_Stream0_IRQHandler
                0x08000cd0                EXTI4_IRQHandler
                0x08000cd0                WWDG_IRQHandler
                0x08000cd0                TIM2_IRQHandler
                0x08000cd0                OTG_FS_WKUP_IRQHandler
                0x08000cd0                TIM1_TRG_COM_TIM11_IRQHandler
                0x08000cd0                EXTI1_IRQHandler
                0x08000cd0                USART2_IRQHandler
                0x08000cd0                I2C2_ER_IRQHandler
                0x08000cd0                DMA2_Stream1_IRQHandler
                0x08000cd0                FLASH_IRQHandler
                0x08000cd0                DMA2_Stream4_IRQHandler
                0x08000cd0                USART1_IRQHandler
                0x08000cd0                SPI3_IRQHandler
                0x08000cd0                DMA1_Stream4_IRQHandler
                0x08000cd0                I2C1_ER_IRQHandler
                0x08000cd0                DMA2_Stream6_IRQHandler
                0x08000cd0                RTC_Alarm_IRQHandler
 *fill*         0x08000cd2        0x2 
 .text.HAL_Init
                0x08000cd4       0x44 ./Drivers/STM32F4xx_HAL_Driver/Src/stm32f4xx_hal.o
                0x08000cd4                HAL_Init
 .text.HAL_IncTick
                0x08000d18       0x28 ./Drivers/STM32F4xx_HAL_Driver/Src/stm32f4xx_hal.o
                0x08000d18                HAL_IncTick
 .text.HAL_GetTick
                0x08000d40       0x18 ./Drivers/STM32F4xx_HAL_Driver/Src/stm32f4xx_hal.o
                0x08000d40                HAL_GetTick
 .text.HAL_Delay
                0x08000d58       0x48 ./Drivers/STM32F4xx_HAL_Driver/Src/stm32f4xx_hal.o
                0x08000d58                HAL_Delay
 .text.__NVIC_SetPriorityGrouping
                0x08000da0       0x48 ./Drivers/STM32F4xx_HAL_Driver/Src/stm32f4xx_hal_cortex.o
 .text.__NVIC_GetPriorityGrouping
                0x08000de8       0x1c ./Drivers/STM32F4xx_HAL_Driver/Src/stm32f4xx_hal_cortex.o
 .text.__NVIC_EnableIRQ
                0x08000e04       0x3c ./Drivers/STM32F4xx_HAL_Driver/Src/stm32f4xx_hal_cortex.o
 .text.__NVIC_SetPriority
                0x08000e40       0x54 ./Drivers/STM32F4xx_HAL_Driver/Src/stm32f4xx_hal_cortex.o
 .text.NVIC_EncodePriority
                0x08000e94       0x66 ./Drivers/STM32F4xx_HAL_Driver/Src/stm32f4xx_hal_cortex.o
 .text.HAL_NVIC_SetPriorityGrouping
                0x08000efa       0x16 ./Drivers/STM32F4xx_HAL_Driver/Src/stm32f4xx_hal_cortex.o
                0x08000efa                HAL_NVIC_SetPriorityGrouping
 .text.HAL_NVIC_SetPriority
                0x08000f10       0x38 ./Drivers/STM32F4xx_HAL_Driver/Src/stm32f4xx_hal_cortex.o
                0x08000f10                HAL_NVIC_SetPriority
 .text.HAL_NVIC_EnableIRQ
                0x08000f48       0x1c ./Drivers/STM32F4xx_HAL_Driver/Src/stm32f4xx_hal_cortex.o
                0x08000f48                HAL_NVIC_EnableIRQ
 .text.HAL_GPIO_Init
                0x08000f64      0x308 ./Drivers/STM32F4xx_HAL_Driver/Src/stm32f4xx_hal_gpio.o
                0x08000f64                HAL_GPIO_Init
 .text.HAL_GPIO_WritePin
                0x0800126c       0x32 ./Drivers/STM32F4xx_HAL_Driver/Src/stm32f4xx_hal_gpio.o
                0x0800126c                HAL_GPIO_WritePin
 .text.HAL_PCD_Init
                0x0800129e      0x21e ./Drivers/STM32F4xx_HAL_Driver/Src/stm32f4xx_hal_pcd.o
                0x0800129e                HAL_PCD_Init
 .text.HAL_PCD_Start
                0x080014bc       0x6a ./Drivers/STM32F4xx_HAL_Driver/Src/stm32f4xx_hal_pcd.o
                0x080014bc                HAL_PCD_Start
 .text.HAL_PCD_IRQHandler
                0x08001526      0x942 ./Drivers/STM32F4xx_HAL_Driver/Src/stm32f4xx_hal_pcd.o
                0x08001526                HAL_PCD_IRQHandler
 .text.HAL_PCD_SetAddress
                0x08001e68       0x48 ./Drivers/STM32F4xx_HAL_Driver/Src/stm32f4xx_hal_pcd.o
                0x08001e68                HAL_PCD_SetAddress
 .text.HAL_PCD_EP_Open
                0x08001eb0       0xd4 ./Drivers/STM32F4xx_HAL_Driver/Src/stm32f4xx_hal_pcd.o
                0x08001eb0                HAL_PCD_EP_Open
 .text.HAL_PCD_EP_Close
                0x08001f84       0x94 ./Drivers/STM32F4xx_HAL_Driver/Src/stm32f4xx_hal_pcd.o
                0x08001f84                HAL_PCD_EP_Close
 .text.HAL_PCD_EP_Receive
                0x08002018       0x76 ./Drivers/STM32F4xx_HAL_Driver/Src/stm32f4xx_hal_pcd.o
                0x08002018                HAL_PCD_EP_Receive
 .text.HAL_PCD_EP_GetRxCount
                0x0800208e       0x30 ./Drivers/STM32F4xx_HAL_Driver/Src/stm32f4xx_hal_pcd.o
                0x0800208e                HAL_PCD_EP_GetRxCount
 .text.HAL_PCD_EP_Transmit
                0x080020be       0x74 ./Drivers/STM32F4xx_HAL_Driver/Src/stm32f4xx_hal_pcd.o
                0x080020be                HAL_PCD_EP_Transmit
 .text.HAL_PCD_EP_SetStall
                0x08002132       0xc6 ./Drivers/STM32F4xx_HAL_Driver/Src/stm32f4xx_hal_pcd.o
                0x08002132                HAL_PCD_EP_SetStall
 .text.HAL_PCD_EP_ClrStall
                0x080021f8       0xac ./Drivers/STM32F4xx_HAL_Driver/Src/stm32f4xx_hal_pcd.o
                0x080021f8                HAL_PCD_EP_ClrStall
 .text.HAL_PCD_EP_Abort
                0x080022a4       0x62 ./Drivers/STM32F4xx_HAL_Driver/Src/stm32f4xx_hal_pcd.o
                0x080022a4                HAL_PCD_EP_Abort
 .text.PCD_WriteEmptyTxFifo
                0x08002306      0x118 ./Drivers/STM32F4xx_HAL_Driver/Src/stm32f4xx_hal_pcd.o
 *fill*         0x0800241e        0x2 
 .text.PCD_EP_OutXfrComplete_int
                0x08002420      0x1d0 ./Drivers/STM32F4xx_HAL_Driver/Src/stm32f4xx_hal_pcd.o
 .text.PCD_EP_OutSetupPacket_int
                0x080025f0       0x8c ./Drivers/STM32F4xx_HAL_Driver/Src/stm32f4xx_hal_pcd.o
 .text.HAL_PCDEx_SetTxFiFo
                0x0800267c       0x8e ./Drivers/STM32F4xx_HAL_Driver/Src/stm32f4xx_hal_pcd_ex.o
                0x0800267c                HAL_PCDEx_SetTxFiFo
 .text.HAL_PCDEx_SetRxFiFo
                0x0800270a       0x22 ./Drivers/STM32F4xx_HAL_Driver/Src/stm32f4xx_hal_pcd_ex.o
                0x0800270a                HAL_PCDEx_SetRxFiFo
 .text.HAL_PCDEx_LPM_Callback
                0x0800272c       0x18 ./Drivers/STM32F4xx_HAL_Driver/Src/stm32f4xx_hal_pcd_ex.o
                0x0800272c                HAL_PCDEx_LPM_Callback
 .text.HAL_RCC_OscConfig
                0x08002744      0x4f0 ./Drivers/STM32F4xx_HAL_Driver/Src/stm32f4xx_hal_rcc.o
                0x08002744                HAL_RCC_OscConfig
 .text.HAL_RCC_ClockConfig
                0x08002c34      0x1cc ./Drivers/STM32F4xx_HAL_Driver/Src/stm32f4xx_hal_rcc.o
                0x08002c34                HAL_RCC_ClockConfig
 .text.HAL_RCC_GetSysClockFreq
                0x08002e00      0x20c ./Drivers/STM32F4xx_HAL_Driver/Src/stm32f4xx_hal_rcc.o
                0x08002e00                HAL_RCC_GetSysClockFreq
 .text.HAL_RCC_GetHCLKFreq
                0x0800300c       0x18 ./Drivers/STM32F4xx_HAL_Driver/Src/stm32f4xx_hal_rcc.o
                0x0800300c                HAL_RCC_GetHCLKFreq
 .text.HAL_RCC_GetPCLK1Freq
                0x08003024       0x28 ./Drivers/STM32F4xx_HAL_Driver/Src/stm32f4xx_hal_rcc.o
                0x08003024                HAL_RCC_GetPCLK1Freq
 .text.HAL_RCC_GetPCLK2Freq
                0x0800304c       0x28 ./Drivers/STM32F4xx_HAL_Driver/Src/stm32f4xx_hal_rcc.o
                0x0800304c                HAL_RCC_GetPCLK2Freq
 .text.HAL_RCC_GetClockConfig
                0x08003074       0x64 ./Drivers/STM32F4xx_HAL_Driver/Src/stm32f4xx_hal_rcc.o
                0x08003074                HAL_RCC_GetClockConfig
 .text.HAL_TIM_Base_Init
                0x080030d8       0x9e ./Drivers/STM32F4xx_HAL_Driver/Src/stm32f4xx_hal_tim.o
                0x080030d8                HAL_TIM_Base_Init
 *fill*         0x08003176        0x2 
 .text.HAL_TIM_Base_Start_IT
                0x08003178       0xc4 ./Drivers/STM32F4xx_HAL_Driver/Src/stm32f4xx_hal_tim.o
                0x08003178                HAL_TIM_Base_Start_IT
 .text.HAL_TIM_IRQHandler
                0x0800323c      0x1e0 ./Drivers/STM32F4xx_HAL_Driver/Src/stm32f4xx_hal_tim.o
                0x0800323c                HAL_TIM_IRQHandler
 .text.HAL_TIM_ConfigClockSource
                0x0800341c      0x18e ./Drivers/STM32F4xx_HAL_Driver/Src/stm32f4xx_hal_tim.o
                0x0800341c                HAL_TIM_ConfigClockSource
 .text.HAL_TIM_OC_DelayElapsedCallback
                0x080035aa       0x14 ./Drivers/STM32F4xx_HAL_Driver/Src/stm32f4xx_hal_tim.o
                0x080035aa                HAL_TIM_OC_DelayElapsedCallback
 .text.HAL_TIM_IC_CaptureCallback
                0x080035be       0x14 ./Drivers/STM32F4xx_HAL_Driver/Src/stm32f4xx_hal_tim.o
                0x080035be                HAL_TIM_IC_CaptureCallback
 .text.HAL_TIM_PWM_PulseFinishedCallback
                0x080035d2       0x14 ./Drivers/STM32F4xx_HAL_Driver/Src/stm32f4xx_hal_tim.o
                0x080035d2                HAL_TIM_PWM_PulseFinishedCallback
 .text.HAL_TIM_TriggerCallback
                0x080035e6       0x14 ./Drivers/STM32F4xx_HAL_Driver/Src/stm32f4xx_hal_tim.o
                0x080035e6                HAL_TIM_TriggerCallback
 *fill*         0x080035fa        0x2 
 .text.TIM_Base_SetConfig
                0x080035fc      0x10c ./Drivers/STM32F4xx_HAL_Driver/Src/stm32f4xx_hal_tim.o
                0x080035fc                TIM_Base_SetConfig
 .text.TIM_TI1_ConfigInputStage
                0x08003708       0x5e ./Drivers/STM32F4xx_HAL_Driver/Src/stm32f4xx_hal_tim.o
 .text.TIM_TI2_ConfigInputStage
                0x08003766       0x60 ./Drivers/STM32F4xx_HAL_Driver/Src/stm32f4xx_hal_tim.o
 .text.TIM_ITRx_SetConfig
                0x080037c6       0x36 ./Drivers/STM32F4xx_HAL_Driver/Src/stm32f4xx_hal_tim.o
 .text.TIM_ETR_SetConfig
                0x080037fc       0x40 ./Drivers/STM32F4xx_HAL_Driver/Src/stm32f4xx_hal_tim.o
                0x080037fc                TIM_ETR_SetConfig
 .text.HAL_TIMEx_MasterConfigSynchronization
                0x0800383c       0xdc ./Drivers/STM32F4xx_HAL_Driver/Src/stm32f4xx_hal_tim_ex.o
                0x0800383c                HAL_TIMEx_MasterConfigSynchronization
 .text.HAL_TIMEx_CommutCallback
                0x08003918       0x14 ./Drivers/STM32F4xx_HAL_Driver/Src/stm32f4xx_hal_tim_ex.o
                0x08003918                HAL_TIMEx_CommutCallback
 .text.HAL_TIMEx_BreakCallback
                0x0800392c       0x14 ./Drivers/STM32F4xx_HAL_Driver/Src/stm32f4xx_hal_tim_ex.o
                0x0800392c                HAL_TIMEx_BreakCallback
 .text.HAL_UART_Init
                0x08003940       0xa0 ./Drivers/STM32F4xx_HAL_Driver/Src/stm32f4xx_hal_uart.o
                0x08003940                HAL_UART_Init
 .text.HAL_UART_Transmit
                0x080039e0      0x116 ./Drivers/STM32F4xx_HAL_Driver/Src/stm32f4xx_hal_uart.o
                0x080039e0                HAL_UART_Transmit
 .text.UART_WaitOnFlagUntilTimeout
                0x08003af6       0xb2 ./Drivers/STM32F4xx_HAL_Driver/Src/stm32f4xx_hal_uart.o
 .text.UART_EndRxTransfer
                0x08003ba8       0xc6 ./Drivers/STM32F4xx_HAL_Driver/Src/stm32f4xx_hal_uart.o
 *fill*         0x08003c6e        0x2 
 .text.UART_SetConfig
                0x08003c70      0x4e8 ./Drivers/STM32F4xx_HAL_Driver/Src/stm32f4xx_hal_uart.o
 .text.USB_CoreInit
                0x08004158       0xc8 ./Drivers/STM32F4xx_HAL_Driver/Src/stm32f4xx_ll_usb.o
                0x08004158                USB_CoreInit
 .text.USB_SetTurnaroundTime
                0x08004220      0x144 ./Drivers/STM32F4xx_HAL_Driver/Src/stm32f4xx_ll_usb.o
                0x08004220                USB_SetTurnaroundTime
 .text.USB_EnableGlobalInt
                0x08004364       0x22 ./Drivers/STM32F4xx_HAL_Driver/Src/stm32f4xx_ll_usb.o
                0x08004364                USB_EnableGlobalInt
 .text.USB_DisableGlobalInt
                0x08004386       0x22 ./Drivers/STM32F4xx_HAL_Driver/Src/stm32f4xx_ll_usb.o
                0x08004386                USB_DisableGlobalInt
 .text.USB_SetCurrentMode
                0x080043a8       0x98 ./Drivers/STM32F4xx_HAL_Driver/Src/stm32f4xx_ll_usb.o
                0x080043a8                USB_SetCurrentMode
 .text.USB_DevInit
                0x08004440      0x2c8 ./Drivers/STM32F4xx_HAL_Driver/Src/stm32f4xx_ll_usb.o
                0x08004440                USB_DevInit
 .text.USB_FlushTxFifo
                0x08004708       0x64 ./Drivers/STM32F4xx_HAL_Driver/Src/stm32f4xx_ll_usb.o
                0x08004708                USB_FlushTxFifo
 .text.USB_FlushRxFifo
                0x0800476c       0x5c ./Drivers/STM32F4xx_HAL_Driver/Src/stm32f4xx_ll_usb.o
                0x0800476c                USB_FlushRxFifo
 .text.USB_SetDevSpeed
                0x080047c8       0x32 ./Drivers/STM32F4xx_HAL_Driver/Src/stm32f4xx_ll_usb.o
                0x080047c8                USB_SetDevSpeed
 .text.USB_GetDevSpeed
                0x080047fa       0x4a ./Drivers/STM32F4xx_HAL_Driver/Src/stm32f4xx_ll_usb.o
                0x080047fa                USB_GetDevSpeed
 .text.USB_ActivateEndpoint
                0x08004844      0x10e ./Drivers/STM32F4xx_HAL_Driver/Src/stm32f4xx_ll_usb.o
                0x08004844                USB_ActivateEndpoint
 *fill*         0x08004952        0x2 
 .text.USB_DeactivateEndpoint
                0x08004954      0x1b8 ./Drivers/STM32F4xx_HAL_Driver/Src/stm32f4xx_ll_usb.o
                0x08004954                USB_DeactivateEndpoint
 .text.USB_EPStartXfer
                0x08004b0c      0x53c ./Drivers/STM32F4xx_HAL_Driver/Src/stm32f4xx_ll_usb.o
                0x08004b0c                USB_EPStartXfer
 .text.USB_EPStopXfer
                0x08005048      0x154 ./Drivers/STM32F4xx_HAL_Driver/Src/stm32f4xx_ll_usb.o
                0x08005048                USB_EPStopXfer
 .text.USB_WritePacket
                0x0800519c       0x7c ./Drivers/STM32F4xx_HAL_Driver/Src/stm32f4xx_ll_usb.o
                0x0800519c                USB_WritePacket
 .text.USB_ReadPacket
                0x08005218       0xb0 ./Drivers/STM32F4xx_HAL_Driver/Src/stm32f4xx_ll_usb.o
                0x08005218                USB_ReadPacket
 .text.USB_EPSetStall
                0x080052c8       0xdc ./Drivers/STM32F4xx_HAL_Driver/Src/stm32f4xx_ll_usb.o
                0x080052c8                USB_EPSetStall
 .text.USB_EPClearStall
                0x080053a4       0xcc ./Drivers/STM32F4xx_HAL_Driver/Src/stm32f4xx_ll_usb.o
                0x080053a4                USB_EPClearStall
 .text.USB_SetDevAddress
                0x08005470       0x4c ./Drivers/STM32F4xx_HAL_Driver/Src/stm32f4xx_ll_usb.o
                0x08005470                USB_SetDevAddress
 .text.USB_DevConnect
                0x080054bc       0x42 ./Drivers/STM32F4xx_HAL_Driver/Src/stm32f4xx_ll_usb.o
                0x080054bc                USB_DevConnect
 .text.USB_DevDisconnect
                0x080054fe       0x42 ./Drivers/STM32F4xx_HAL_Driver/Src/stm32f4xx_ll_usb.o
                0x080054fe                USB_DevDisconnect
 .text.USB_ReadInterrupts
                0x08005540       0x26 ./Drivers/STM32F4xx_HAL_Driver/Src/stm32f4xx_ll_usb.o
                0x08005540                USB_ReadInterrupts
 .text.USB_ReadDevAllOutEpInterrupt
                0x08005566       0x34 ./Drivers/STM32F4xx_HAL_Driver/Src/stm32f4xx_ll_usb.o
                0x08005566                USB_ReadDevAllOutEpInterrupt
 .text.USB_ReadDevAllInEpInterrupt
                0x0800559a       0x34 ./Drivers/STM32F4xx_HAL_Driver/Src/stm32f4xx_ll_usb.o
                0x0800559a                USB_ReadDevAllInEpInterrupt
 .text.USB_ReadDevOutEPInterrupt
                0x080055ce       0x3c ./Drivers/STM32F4xx_HAL_Driver/Src/stm32f4xx_ll_usb.o
                0x080055ce                USB_ReadDevOutEPInterrupt
 .text.USB_ReadDevInEPInterrupt
                0x0800560a       0x5c ./Drivers/STM32F4xx_HAL_Driver/Src/stm32f4xx_ll_usb.o
                0x0800560a                USB_ReadDevInEPInterrupt
 .text.USB_GetMode
                0x08005666       0x1c ./Drivers/STM32F4xx_HAL_Driver/Src/stm32f4xx_ll_usb.o
                0x08005666                USB_GetMode
 .text.USB_ActivateSetup
                0x08005682       0x46 ./Drivers/STM32F4xx_HAL_Driver/Src/stm32f4xx_ll_usb.o
                0x08005682                USB_ActivateSetup
 .text.USB_EP0_OutStart
                0x080056c8       0xbc ./Drivers/STM32F4xx_HAL_Driver/Src/stm32f4xx_ll_usb.o
                0x080056c8                USB_EP0_OutStart
 .text.USB_CoreReset
                0x08005784       0x70 ./Drivers/STM32F4xx_HAL_Driver/Src/stm32f4xx_ll_usb.o
 .text.USBD_CDC_Init
                0x080057f4      0x1f0 ./Middlewares/ST/STM32_USB_Device_Library/Class/CDC/Src/usbd_cdc.o
 .text.USBD_CDC_DeInit
                0x080059e4      0x104 ./Middlewares/ST/STM32_USB_Device_Library/Class/CDC/Src/usbd_cdc.o
 .text.USBD_CDC_Setup
                0x08005ae8      0x1b8 ./Middlewares/ST/STM32_USB_Device_Library/Class/CDC/Src/usbd_cdc.o
 .text.USBD_CDC_DataIn
                0x08005ca0       0xfe ./Middlewares/ST/STM32_USB_Device_Library/Class/CDC/Src/usbd_cdc.o
 .text.USBD_CDC_DataOut
                0x08005d9e       0x70 ./Middlewares/ST/STM32_USB_Device_Library/Class/CDC/Src/usbd_cdc.o
 .text.USBD_CDC_EP0_RxReady
                0x08005e0e       0x74 ./Middlewares/ST/STM32_USB_Device_Library/Class/CDC/Src/usbd_cdc.o
 *fill*         0x08005e82        0x2 
 .text.USBD_CDC_GetFSCfgDesc
                0x08005e84       0x70 ./Middlewares/ST/STM32_USB_Device_Library/Class/CDC/Src/usbd_cdc.o
 .text.USBD_CDC_GetHSCfgDesc
                0x08005ef4       0x70 ./Middlewares/ST/STM32_USB_Device_Library/Class/CDC/Src/usbd_cdc.o
 .text.USBD_CDC_GetOtherSpeedCfgDesc
                0x08005f64       0x70 ./Middlewares/ST/STM32_USB_Device_Library/Class/CDC/Src/usbd_cdc.o
 .text.USBD_CDC_GetDeviceQualifierDescriptor
                0x08005fd4       0x20 ./Middlewares/ST/STM32_USB_Device_Library/Class/CDC/Src/usbd_cdc.o
                0x08005fd4                USBD_CDC_GetDeviceQualifierDescriptor
 .text.USBD_CDC_RegisterInterface
                0x08005ff4       0x34 ./Middlewares/ST/STM32_USB_Device_Library/Class/CDC/Src/usbd_cdc.o
                0x08005ff4                USBD_CDC_RegisterInterface
 .text.USBD_CDC_SetTxBuffer
                0x08006028       0x44 ./Middlewares/ST/STM32_USB_Device_Library/Class/CDC/Src/usbd_cdc.o
                0x08006028                USBD_CDC_SetTxBuffer
 .text.USBD_CDC_SetRxBuffer
                0x0800606c       0x3a ./Middlewares/ST/STM32_USB_Device_Library/Class/CDC/Src/usbd_cdc.o
                0x0800606c                USBD_CDC_SetRxBuffer
 *fill*         0x080060a6        0x2 
 .text.USBD_CDC_ReceivePacket
                0x080060a8       0x6c ./Middlewares/ST/STM32_USB_Device_Library/Class/CDC/Src/usbd_cdc.o
                0x080060a8                USBD_CDC_ReceivePacket
 .text.USBD_Init
                0x08006114       0x60 ./Middlewares/ST/STM32_USB_Device_Library/Core/Src/usbd_core.o
                0x08006114                USBD_Init
 .text.USBD_RegisterClass
                0x08006174       0x6c ./Middlewares/ST/STM32_USB_Device_Library/Core/Src/usbd_core.o
                0x08006174                USBD_RegisterClass
 .text.USBD_Start
                0x080061e0       0x18 ./Middlewares/ST/STM32_USB_Device_Library/Core/Src/usbd_core.o
                0x080061e0                USBD_Start
 .text.USBD_RunTestMode
                0x080061f8       0x16 ./Middlewares/ST/STM32_USB_Device_Library/Core/Src/usbd_core.o
                0x080061f8                USBD_RunTestMode
 .text.USBD_SetClassConfig
                0x0800620e       0x38 ./Middlewares/ST/STM32_USB_Device_Library/Core/Src/usbd_core.o
                0x0800620e                USBD_SetClassConfig
 .text.USBD_ClrClassConfig
                0x08006246       0x34 ./Middlewares/ST/STM32_USB_Device_Library/Core/Src/usbd_core.o
                0x08006246                USBD_ClrClassConfig
 .text.USBD_LL_SetupStage
                0x0800627a       0xaa ./Middlewares/ST/STM32_USB_Device_Library/Core/Src/usbd_core.o
                0x0800627a                USBD_LL_SetupStage
 .text.USBD_LL_DataOutStage
                0x08006324      0x178 ./Middlewares/ST/STM32_USB_Device_Library/Core/Src/usbd_core.o
                0x08006324                USBD_LL_DataOutStage
 .text.USBD_LL_DataInStage
                0x0800649c      0x176 ./Middlewares/ST/STM32_USB_Device_Library/Core/Src/usbd_core.o
                0x0800649c                USBD_LL_DataInStage
 .text.USBD_LL_Reset
                0x08006612       0xa6 ./Middlewares/ST/STM32_USB_Device_Library/Core/Src/usbd_core.o
                0x08006612                USBD_LL_Reset
 .text.USBD_LL_SetSpeed
                0x080066b8       0x20 ./Middlewares/ST/STM32_USB_Device_Library/Core/Src/usbd_core.o
                0x080066b8                USBD_LL_SetSpeed
 .text.USBD_LL_Suspend
                0x080066d8       0x38 ./Middlewares/ST/STM32_USB_Device_Library/Core/Src/usbd_core.o
                0x080066d8                USBD_LL_Suspend
 .text.USBD_LL_Resume
                0x08006710       0x30 ./Middlewares/ST/STM32_USB_Device_Library/Core/Src/usbd_core.o
                0x08006710                USBD_LL_Resume
 .text.USBD_LL_SOF
                0x08006740       0x40 ./Middlewares/ST/STM32_USB_Device_Library/Core/Src/usbd_core.o
                0x08006740                USBD_LL_SOF
 .text.USBD_LL_IsoINIncomplete
                0x08006780       0x64 ./Middlewares/ST/STM32_USB_Device_Library/Core/Src/usbd_core.o
                0x08006780                USBD_LL_IsoINIncomplete
 .text.USBD_LL_IsoOUTIncomplete
                0x080067e4       0x64 ./Middlewares/ST/STM32_USB_Device_Library/Core/Src/usbd_core.o
                0x080067e4                USBD_LL_IsoOUTIncomplete
 .text.USBD_LL_DevConnected
                0x08006848       0x16 ./Middlewares/ST/STM32_USB_Device_Library/Core/Src/usbd_core.o
                0x08006848                USBD_LL_DevConnected
 .text.USBD_LL_DevDisconnected
                0x0800685e       0x46 ./Middlewares/ST/STM32_USB_Device_Library/Core/Src/usbd_core.o
                0x0800685e                USBD_LL_DevDisconnected
 .text.USBD_CoreFindIF
                0x080068a4       0x1a ./Middlewares/ST/STM32_USB_Device_Library/Core/Src/usbd_core.o
                0x080068a4                USBD_CoreFindIF
 .text.USBD_CoreFindEP
                0x080068be       0x1a ./Middlewares/ST/STM32_USB_Device_Library/Core/Src/usbd_core.o
                0x080068be                USBD_CoreFindEP
 .text.USBD_GetEpDesc
                0x080068d8       0x70 ./Middlewares/ST/STM32_USB_Device_Library/Core/Src/usbd_core.o
                0x080068d8                USBD_GetEpDesc
 .text.USBD_GetNextDesc
                0x08006948       0x38 ./Middlewares/ST/STM32_USB_Device_Library/Core/Src/usbd_core.o
                0x08006948                USBD_GetNextDesc
 .text.SWAPBYTE
                0x08006980       0x3e ./Middlewares/ST/STM32_USB_Device_Library/Core/Src/usbd_ctlreq.o
 *fill*         0x080069be        0x2 
 .text.USBD_StdDevReq
                0x080069c0       0xe4 ./Middlewares/ST/STM32_USB_Device_Library/Core/Src/usbd_ctlreq.o
                0x080069c0                USBD_StdDevReq
 .text.USBD_StdItfReq
                0x08006aa4       0xd8 ./Middlewares/ST/STM32_USB_Device_Library/Core/Src/usbd_ctlreq.o
                0x08006aa4                USBD_StdItfReq
 .text.USBD_StdEPReq
                0x08006b7c      0x33e ./Middlewares/ST/STM32_USB_Device_Library/Core/Src/usbd_ctlreq.o
                0x08006b7c                USBD_StdEPReq
 *fill*         0x08006eba        0x2 
 .text.USBD_GetDescriptor
                0x08006ebc      0x2d4 ./Middlewares/ST/STM32_USB_Device_Library/Core/Src/usbd_ctlreq.o
 .text.USBD_SetAddress
                0x08007190       0x88 ./Middlewares/ST/STM32_USB_Device_Library/Core/Src/usbd_ctlreq.o
 .text.USBD_SetConfig
                0x08007218      0x154 ./Middlewares/ST/STM32_USB_Device_Library/Core/Src/usbd_ctlreq.o
 .text.USBD_GetConfig
                0x0800736c       0x6c ./Middlewares/ST/STM32_USB_Device_Library/Core/Src/usbd_ctlreq.o
 .text.USBD_GetStatus
                0x080073d8       0x68 ./Middlewares/ST/STM32_USB_Device_Library/Core/Src/usbd_ctlreq.o
 .text.USBD_SetFeature
                0x08007440       0x52 ./Middlewares/ST/STM32_USB_Device_Library/Core/Src/usbd_ctlreq.o
 .text.USBD_ClrFeature
                0x08007492       0x44 ./Middlewares/ST/STM32_USB_Device_Library/Core/Src/usbd_ctlreq.o
 .text.USBD_ParseSetupRequest
                0x080074d6       0x74 ./Middlewares/ST/STM32_USB_Device_Library/Core/Src/usbd_ctlreq.o
                0x080074d6                USBD_ParseSetupRequest
 .text.USBD_CtlError
                0x0800754a       0x22 ./Middlewares/ST/STM32_USB_Device_Library/Core/Src/usbd_ctlreq.o
                0x0800754a                USBD_CtlError
 .text.USBD_GetString
                0x0800756c       0xa4 ./Middlewares/ST/STM32_USB_Device_Library/Core/Src/usbd_ctlreq.o
                0x0800756c                USBD_GetString
 .text.USBD_GetLen
                0x08007610       0x34 ./Middlewares/ST/STM32_USB_Device_Library/Core/Src/usbd_ctlreq.o
 .text.USBD_CtlSendData
                0x08007644       0x3c ./Middlewares/ST/STM32_USB_Device_Library/Core/Src/usbd_ioreq.o
                0x08007644                USBD_CtlSendData
 .text.USBD_CtlContinueSendData
                0x08007680       0x22 ./Middlewares/ST/STM32_USB_Device_Library/Core/Src/usbd_ioreq.o
                0x08007680                USBD_CtlContinueSendData
 .text.USBD_CtlPrepareRx
                0x080076a2       0x42 ./Middlewares/ST/STM32_USB_Device_Library/Core/Src/usbd_ioreq.o
                0x080076a2                USBD_CtlPrepareRx
 .text.USBD_CtlContinueRx
                0x080076e4       0x22 ./Middlewares/ST/STM32_USB_Device_Library/Core/Src/usbd_ioreq.o
                0x080076e4                USBD_CtlContinueRx
 .text.USBD_CtlSendStatus
                0x08007706       0x26 ./Middlewares/ST/STM32_USB_Device_Library/Core/Src/usbd_ioreq.o
                0x08007706                USBD_CtlSendStatus
 .text.USBD_CtlReceiveStatus
                0x0800772c       0x26 ./Middlewares/ST/STM32_USB_Device_Library/Core/Src/usbd_ioreq.o
                0x0800772c                USBD_CtlReceiveStatus
 *fill*         0x08007752        0x2 
 .text.__NVIC_SetPriority
                0x08007754       0x54 ./Middlewares/Third_Party/FreeRTOS/Source/CMSIS_RTOS_V2/cmsis_os2.o
 .text.SysTick_Handler
                0x080077a8       0x20 ./Middlewares/Third_Party/FreeRTOS/Source/CMSIS_RTOS_V2/cmsis_os2.o
                0x080077a8                SysTick_Handler
 .text.SVC_Setup
                0x080077c8       0x12 ./Middlewares/Third_Party/FreeRTOS/Source/CMSIS_RTOS_V2/cmsis_os2.o
 *fill*         0x080077da        0x2 
 .text.osKernelInitialize
                0x080077dc       0x48 ./Middlewares/Third_Party/FreeRTOS/Source/CMSIS_RTOS_V2/cmsis_os2.o
                0x080077dc                osKernelInitialize
 .text.osKernelStart
                0x08007824       0x4c ./Middlewares/Third_Party/FreeRTOS/Source/CMSIS_RTOS_V2/cmsis_os2.o
                0x08007824                osKernelStart
 .text.osThreadNew
                0x08007870      0x124 ./Middlewares/Third_Party/FreeRTOS/Source/CMSIS_RTOS_V2/cmsis_os2.o
                0x08007870                osThreadNew
 .text.osDelay  0x08007994       0x36 ./Middlewares/Third_Party/FreeRTOS/Source/CMSIS_RTOS_V2/cmsis_os2.o
                0x08007994                osDelay
 *fill*         0x080079ca        0x2 
 .text.vApplicationGetIdleTaskMemory
                0x080079cc       0x34 ./Middlewares/Third_Party/FreeRTOS/Source/CMSIS_RTOS_V2/cmsis_os2.o
                0x080079cc                vApplicationGetIdleTaskMemory
 .text.vApplicationGetTimerTaskMemory
                0x08007a00       0x34 ./Middlewares/Third_Party/FreeRTOS/Source/CMSIS_RTOS_V2/cmsis_os2.o
                0x08007a00                vApplicationGetTimerTaskMemory
 .text.vListInitialise
                0x08007a34       0x40 ./Middlewares/Third_Party/FreeRTOS/Source/list.o
                0x08007a34                vListInitialise
 .text.vListInitialiseItem
                0x08007a74       0x1a ./Middlewares/Third_Party/FreeRTOS/Source/list.o
                0x08007a74                vListInitialiseItem
 .text.vListInsertEnd
                0x08007a8e       0x48 ./Middlewares/Third_Party/FreeRTOS/Source/list.o
                0x08007a8e                vListInsertEnd
 .text.vListInsert
                0x08007ad6       0x72 ./Middlewares/Third_Party/FreeRTOS/Source/list.o
                0x08007ad6                vListInsert
 .text.uxListRemove
                0x08007b48       0x54 ./Middlewares/Third_Party/FreeRTOS/Source/list.o
                0x08007b48                uxListRemove
 .text.xQueueGenericReset
                0x08007b9c       0xd4 ./Middlewares/Third_Party/FreeRTOS/Source/queue.o
                0x08007b9c                xQueueGenericReset
 .text.xQueueGenericCreateStatic
                0x08007c70       0xfa ./Middlewares/Third_Party/FreeRTOS/Source/queue.o
                0x08007c70                xQueueGenericCreateStatic
 .text.prvInitialiseNewQueue
                0x08007d6a       0x46 ./Middlewares/Third_Party/FreeRTOS/Source/queue.o
 .text.xQueueGenericSend
                0x08007db0      0x204 ./Middlewares/Third_Party/FreeRTOS/Source/queue.o
                0x08007db0                xQueueGenericSend
 .text.xQueueGenericSendFromISR
                0x08007fb4      0x13c ./Middlewares/Third_Party/FreeRTOS/Source/queue.o
                0x08007fb4                xQueueGenericSendFromISR
 .text.xQueueReceive
                0x080080f0      0x1c4 ./Middlewares/Third_Party/FreeRTOS/Source/queue.o
                0x080080f0                xQueueReceive
 .text.prvCopyDataToQueue
                0x080082b4       0xd4 ./Middlewares/Third_Party/FreeRTOS/Source/queue.o
 .text.prvCopyDataFromQueue
                0x08008388       0x4c ./Middlewares/Third_Party/FreeRTOS/Source/queue.o
 .text.prvUnlockQueue
                0x080083d4       0xa4 ./Middlewares/Third_Party/FreeRTOS/Source/queue.o
 .text.prvIsQueueEmpty
                0x08008478       0x2c ./Middlewares/Third_Party/FreeRTOS/Source/queue.o
 .text.prvIsQueueFull
                0x080084a4       0x30 ./Middlewares/Third_Party/FreeRTOS/Source/queue.o
 .text.vQueueAddToRegistry
                0x080084d4       0x54 ./Middlewares/Third_Party/FreeRTOS/Source/queue.o
                0x080084d4                vQueueAddToRegistry
 .text.vQueueWaitForMessageRestricted
                0x08008528       0x68 ./Middlewares/Third_Party/FreeRTOS/Source/queue.o
                0x08008528                vQueueWaitForMessageRestricted
 .text.xTaskCreateStatic
                0x08008590       0xc0 ./Middlewares/Third_Party/FreeRTOS/Source/tasks.o
                0x08008590                xTaskCreateStatic
 .text.xTaskCreate
                0x08008650       0x8a ./Middlewares/Third_Party/FreeRTOS/Source/tasks.o
                0x08008650                xTaskCreate
 *fill*         0x080086da        0x2 
 .text.prvInitialiseNewTask
                0x080086dc      0x150 ./Middlewares/Third_Party/FreeRTOS/Source/tasks.o
 .text.prvAddNewTaskToReadyList
                0x0800882c       0xe0 ./Middlewares/Third_Party/FreeRTOS/Source/tasks.o
 .text.vTaskDelay
                0x0800890c       0x6c ./Middlewares/Third_Party/FreeRTOS/Source/tasks.o
                0x0800890c                vTaskDelay
 .text.vTaskStartScheduler
                0x08008978       0xe0 ./Middlewares/Third_Party/FreeRTOS/Source/tasks.o
                0x08008978                vTaskStartScheduler
 .text.vTaskSuspendAll
                0x08008a58       0x1c ./Middlewares/Third_Party/FreeRTOS/Source/tasks.o
                0x08008a58                vTaskSuspendAll
 .text.xTaskResumeAll
                0x08008a74      0x13c ./Middlewares/Third_Party/FreeRTOS/Source/tasks.o
                0x08008a74                xTaskResumeAll
 .text.xTaskGetTickCount
                0x08008bb0       0x20 ./Middlewares/Third_Party/FreeRTOS/Source/tasks.o
                0x08008bb0                xTaskGetTickCount
 .text.xTaskIncrementTick
                0x08008bd0      0x174 ./Middlewares/Third_Party/FreeRTOS/Source/tasks.o
                0x08008bd0                xTaskIncrementTick
 .text.vTaskSwitchContext
                0x08008d44       0xcc ./Middlewares/Third_Party/FreeRTOS/Source/tasks.o
                0x08008d44                vTaskSwitchContext
 .text.vTaskPlaceOnEventList
                0x08008e10       0x4c ./Middlewares/Third_Party/FreeRTOS/Source/tasks.o
                0x08008e10                vTaskPlaceOnEventList
 .text.vTaskPlaceOnEventListRestricted
                0x08008e5c       0x58 ./Middlewares/Third_Party/FreeRTOS/Source/tasks.o
                0x08008e5c                vTaskPlaceOnEventListRestricted
 .text.xTaskRemoveFromEventList
                0x08008eb4       0xc8 ./Middlewares/Third_Party/FreeRTOS/Source/tasks.o
                0x08008eb4                xTaskRemoveFromEventList
 .text.vTaskInternalSetTimeOutState
                0x08008f7c       0x2c ./Middlewares/Third_Party/FreeRTOS/Source/tasks.o
                0x08008f7c                vTaskInternalSetTimeOutState
 .text.xTaskCheckForTimeOut
                0x08008fa8       0xc8 ./Middlewares/Third_Party/FreeRTOS/Source/tasks.o
                0x08008fa8                xTaskCheckForTimeOut
 .text.vTaskMissedYield
                0x08009070       0x18 ./Middlewares/Third_Party/FreeRTOS/Source/tasks.o
                0x08009070                vTaskMissedYield
 .text.prvIdleTask
                0x08009088       0x30 ./Middlewares/Third_Party/FreeRTOS/Source/tasks.o
 .text.prvInitialiseTaskLists
                0x080090b8       0x80 ./Middlewares/Third_Party/FreeRTOS/Source/tasks.o
 .text.prvCheckTasksWaitingTermination
                0x08009138       0x5c ./Middlewares/Third_Party/FreeRTOS/Source/tasks.o
 .text.prvDeleteTCB
                0x08009194       0x6a ./Middlewares/Third_Party/FreeRTOS/Source/tasks.o
 *fill*         0x080091fe        0x2 
 .text.prvResetNextTaskUnblockTime
                0x08009200       0x40 ./Middlewares/Third_Party/FreeRTOS/Source/tasks.o
 .text.xTaskGetSchedulerState
                0x08009240       0x3c ./Middlewares/Third_Party/FreeRTOS/Source/tasks.o
                0x08009240                xTaskGetSchedulerState
 .text.xTaskPriorityDisinherit
                0x0800927c       0xe0 ./Middlewares/Third_Party/FreeRTOS/Source/tasks.o
                0x0800927c                xTaskPriorityDisinherit
 .text.prvAddCurrentTaskToDelayedList
                0x0800935c       0xa8 ./Middlewares/Third_Party/FreeRTOS/Source/tasks.o
 .text.xTimerCreateTimerTask
                0x08009404       0x94 ./Middlewares/Third_Party/FreeRTOS/Source/timers.o
                0x08009404                xTimerCreateTimerTask
 .text.xTimerGenericCommand
                0x08009498       0x9c ./Middlewares/Third_Party/FreeRTOS/Source/timers.o
                0x08009498                xTimerGenericCommand
 .text.prvProcessExpiredTimer
                0x08009534       0x9c ./Middlewares/Third_Party/FreeRTOS/Source/timers.o
 .text.prvTimerTask
                0x080095d0       0x26 ./Middlewares/Third_Party/FreeRTOS/Source/timers.o
 *fill*         0x080095f6        0x2 
 .text.prvProcessTimerOrBlockTask
                0x080095f8       0x9c ./Middlewares/Third_Party/FreeRTOS/Source/timers.o
 .text.prvGetNextExpireTime
                0x08009694       0x48 ./Middlewares/Third_Party/FreeRTOS/Source/timers.o
 .text.prvSampleTimeNow
                0x080096dc       0x40 ./Middlewares/Third_Party/FreeRTOS/Source/timers.o
 .text.prvInsertTimerInActiveList
                0x0800971c       0x84 ./Middlewares/Third_Party/FreeRTOS/Source/timers.o
 .text.prvProcessReceivedCommands
                0x080097a0      0x1cc ./Middlewares/Third_Party/FreeRTOS/Source/timers.o
 .text.prvSwitchTimerLists
                0x0800996c       0xcc ./Middlewares/Third_Party/FreeRTOS/Source/timers.o
 .text.prvCheckForValidListAndQueue
                0x08009a38       0x80 ./Middlewares/Third_Party/FreeRTOS/Source/timers.o
 .text.pxPortInitialiseStack
                0x08009ab8       0x68 ./Middlewares/Third_Party/FreeRTOS/Source/portable/GCC/ARM_CM4F/port.o
                0x08009ab8                pxPortInitialiseStack
 .text.prvTaskExitError
                0x08009b20       0x5c ./Middlewares/Third_Party/FreeRTOS/Source/portable/GCC/ARM_CM4F/port.o
 *fill*         0x08009b7c        0x4 
 .text.SVC_Handler
                0x08009b80       0x28 ./Middlewares/Third_Party/FreeRTOS/Source/portable/GCC/ARM_CM4F/port.o
                0x08009b80                SVC_Handler
 .text.prvPortStartFirstTask
                0x08009ba8       0x28 ./Middlewares/Third_Party/FreeRTOS/Source/portable/GCC/ARM_CM4F/port.o
 .text.xPortStartScheduler
                0x08009bd0      0x148 ./Middlewares/Third_Party/FreeRTOS/Source/portable/GCC/ARM_CM4F/port.o
                0x08009bd0                xPortStartScheduler
 .text.vPortEnterCritical
                0x08009d18       0x64 ./Middlewares/Third_Party/FreeRTOS/Source/portable/GCC/ARM_CM4F/port.o
                0x08009d18                vPortEnterCritical
 .text.vPortExitCritical
                0x08009d7c       0x54 ./Middlewares/Third_Party/FreeRTOS/Source/portable/GCC/ARM_CM4F/port.o
                0x08009d7c                vPortExitCritical
 .text.PendSV_Handler
                0x08009dd0       0x68 ./Middlewares/Third_Party/FreeRTOS/Source/portable/GCC/ARM_CM4F/port.o
                0x08009dd0                PendSV_Handler
 .text.xPortSysTickHandler
                0x08009e38       0x44 ./Middlewares/Third_Party/FreeRTOS/Source/portable/GCC/ARM_CM4F/port.o
                0x08009e38                xPortSysTickHandler
 .text.vPortSetupTimerInterrupt
                0x08009e7c       0x48 ./Middlewares/Third_Party/FreeRTOS/Source/portable/GCC/ARM_CM4F/port.o
                0x08009e7c                vPortSetupTimerInterrupt
 .text.vPortEnableVFP
                0x08009ec4       0x14 ./Middlewares/Third_Party/FreeRTOS/Source/portable/GCC/ARM_CM4F/port.o
 .text.vPortValidateInterruptPriority
                0x08009ed8       0x84 ./Middlewares/Third_Party/FreeRTOS/Source/portable/GCC/ARM_CM4F/port.o
                0x08009ed8                vPortValidateInterruptPriority
 .text.pvPortMalloc
                0x08009f5c      0x19c ./Middlewares/Third_Party/FreeRTOS/Source/portable/MemMang/heap_4.o
                0x08009f5c                pvPortMalloc
 .text.vPortFree
                0x0800a0f8       0xc8 ./Middlewares/Third_Party/FreeRTOS/Source/portable/MemMang/heap_4.o
                0x0800a0f8                vPortFree
 .text.prvHeapInit
                0x0800a1c0       0xc4 ./Middlewares/Third_Party/FreeRTOS/Source/portable/MemMang/heap_4.o
 .text.prvInsertBlockIntoFreeList
                0x0800a284       0xb4 ./Middlewares/Third_Party/FreeRTOS/Source/portable/MemMang/heap_4.o
 .text.MX_USB_DEVICE_Init
                0x0800a338       0x60 ./USB_DEVICE/App/usb_device.o
                0x0800a338                MX_USB_DEVICE_Init
 .text.CDC_Init_FS
                0x0800a398       0x28 ./USB_DEVICE/App/usbd_cdc_if.o
 .text.CDC_DeInit_FS
                0x0800a3c0       0x10 ./USB_DEVICE/App/usbd_cdc_if.o
 .text.CDC_Control_FS
                0x0800a3d0       0xbc ./USB_DEVICE/App/usbd_cdc_if.o
 .text.CDC_Receive_FS
                0x0800a48c       0x44 ./USB_DEVICE/App/usbd_cdc_if.o
 .text.CDC_TransmitCplt_FS
                0x0800a4d0       0x22 ./USB_DEVICE/App/usbd_cdc_if.o
 *fill*         0x0800a4f2        0x2 
 .text.USBD_FS_DeviceDescriptor
                0x0800a4f4       0x24 ./USB_DEVICE/App/usbd_desc.o
                0x0800a4f4                USBD_FS_DeviceDescriptor
 .text.USBD_FS_LangIDStrDescriptor
                0x0800a518       0x24 ./USB_DEVICE/App/usbd_desc.o
                0x0800a518                USBD_FS_LangIDStrDescriptor
 .text.USBD_FS_ProductStrDescriptor
                0x0800a53c       0x3c ./USB_DEVICE/App/usbd_desc.o
                0x0800a53c                USBD_FS_ProductStrDescriptor
 .text.USBD_FS_ManufacturerStrDescriptor
                0x0800a578       0x28 ./USB_DEVICE/App/usbd_desc.o
                0x0800a578                USBD_FS_ManufacturerStrDescriptor
 .text.USBD_FS_SerialStrDescriptor
                0x0800a5a0       0x24 ./USB_DEVICE/App/usbd_desc.o
                0x0800a5a0                USBD_FS_SerialStrDescriptor
 .text.USBD_FS_ConfigStrDescriptor
                0x0800a5c4       0x3c ./USB_DEVICE/App/usbd_desc.o
                0x0800a5c4                USBD_FS_ConfigStrDescriptor
 .text.USBD_FS_InterfaceStrDescriptor
                0x0800a600       0x3c ./USB_DEVICE/App/usbd_desc.o
                0x0800a600                USBD_FS_InterfaceStrDescriptor
 .text.Get_SerialNum
                0x0800a63c       0x58 ./USB_DEVICE/App/usbd_desc.o
 .text.IntToUnicode
                0x0800a694       0x7e ./USB_DEVICE/App/usbd_desc.o
 *fill*         0x0800a712        0x2 
 .text.HAL_PCD_MspInit
                0x0800a714       0xc4 ./USB_DEVICE/Target/usbd_conf.o
                0x0800a714                HAL_PCD_MspInit
 .text.HAL_PCD_SetupStageCallback
                0x0800a7d8       0x24 ./USB_DEVICE/Target/usbd_conf.o
                0x0800a7d8                HAL_PCD_SetupStageCallback
 .text.HAL_PCD_DataOutStageCallback
                0x0800a7fc       0x36 ./USB_DEVICE/Target/usbd_conf.o
                0x0800a7fc                HAL_PCD_DataOutStageCallback
 .text.HAL_PCD_DataInStageCallback
                0x0800a832       0x34 ./USB_DEVICE/Target/usbd_conf.o
                0x0800a832                HAL_PCD_DataInStageCallback
 .text.HAL_PCD_SOFCallback
                0x0800a866       0x1c ./USB_DEVICE/Target/usbd_conf.o
                0x0800a866                HAL_PCD_SOFCallback
 .text.HAL_PCD_ResetCallback
                0x0800a882       0x50 ./USB_DEVICE/Target/usbd_conf.o
                0x0800a882                HAL_PCD_ResetCallback
 *fill*         0x0800a8d2        0x2 
 .text.HAL_PCD_SuspendCallback
                0x0800a8d4       0x4c ./USB_DEVICE/Target/usbd_conf.o
                0x0800a8d4                HAL_PCD_SuspendCallback
 .text.HAL_PCD_ResumeCallback
                0x0800a920       0x1c ./USB_DEVICE/Target/usbd_conf.o
                0x0800a920                HAL_PCD_ResumeCallback
 .text.HAL_PCD_ISOOUTIncompleteCallback
                0x0800a93c       0x24 ./USB_DEVICE/Target/usbd_conf.o
                0x0800a93c                HAL_PCD_ISOOUTIncompleteCallback
 .text.HAL_PCD_ISOINIncompleteCallback
                0x0800a960       0x24 ./USB_DEVICE/Target/usbd_conf.o
                0x0800a960                HAL_PCD_ISOINIncompleteCallback
 .text.HAL_PCD_ConnectCallback
                0x0800a984       0x1c ./USB_DEVICE/Target/usbd_conf.o
                0x0800a984                HAL_PCD_ConnectCallback
 .text.HAL_PCD_DisconnectCallback
                0x0800a9a0       0x1c ./USB_DEVICE/Target/usbd_conf.o
                0x0800a9a0                HAL_PCD_DisconnectCallback
 .text.USBD_LL_Init
                0x0800a9bc       0x98 ./USB_DEVICE/Target/usbd_conf.o
                0x0800a9bc                USBD_LL_Init
 .text.USBD_LL_Start
                0x0800aa54       0x36 ./USB_DEVICE/Target/usbd_conf.o
                0x0800aa54                USBD_LL_Start
 .text.USBD_LL_OpenEP
                0x0800aa8a       0x4c ./USB_DEVICE/Target/usbd_conf.o
                0x0800aa8a                USBD_LL_OpenEP
 .text.USBD_LL_CloseEP
                0x0800aad6       0x3e ./USB_DEVICE/Target/usbd_conf.o
                0x0800aad6                USBD_LL_CloseEP
 .text.USBD_LL_StallEP
                0x0800ab14       0x3e ./USB_DEVICE/Target/usbd_conf.o
                0x0800ab14                USBD_LL_StallEP
 .text.USBD_LL_ClearStallEP
                0x0800ab52       0x3e ./USB_DEVICE/Target/usbd_conf.o
                0x0800ab52                USBD_LL_ClearStallEP
 .text.USBD_LL_IsStallEP
                0x0800ab90       0x58 ./USB_DEVICE/Target/usbd_conf.o
                0x0800ab90                USBD_LL_IsStallEP
 .text.USBD_LL_SetUSBAddress
                0x0800abe8       0x3e ./USB_DEVICE/Target/usbd_conf.o
                0x0800abe8                USBD_LL_SetUSBAddress
 .text.USBD_LL_Transmit
                0x0800ac26       0x42 ./USB_DEVICE/Target/usbd_conf.o
                0x0800ac26                USBD_LL_Transmit
 .text.USBD_LL_PrepareReceive
                0x0800ac68       0x42 ./USB_DEVICE/Target/usbd_conf.o
                0x0800ac68                USBD_LL_PrepareReceive
 .text.USBD_LL_GetRxDataSize
                0x0800acaa       0x26 ./USB_DEVICE/Target/usbd_conf.o
                0x0800acaa                USBD_LL_GetRxDataSize
 .text.USBD_static_malloc
                0x0800acd0       0x1c ./USB_DEVICE/Target/usbd_conf.o
                0x0800acd0                USBD_static_malloc
 .text.USBD_static_free
                0x0800acec       0x14 ./USB_DEVICE/Target/usbd_conf.o
                0x0800acec                USBD_static_free
 .text.USBD_Get_USB_Status
                0x0800ad00       0x58 ./USB_DEVICE/Target/usbd_conf.o
                0x0800ad00                USBD_Get_USB_Status
 .text.solve_cube
                0x0800ad58       0x1a /Users/jorgelarach/Desktop/STM PROJECT WOOO/Rubiks Cube/Middlewares/cube_solver/libcube_solver.a(cube_solver-9cb2d2c87d42d52d.cube_solver.7c6f56aa1cac7d27-cgu.0.rcgu.o)
                0x0800ad58                solve_cube
 .text.strlen   0x0800ad72       0x34 /Users/jorgelarach/Desktop/STM PROJECT WOOO/Rubiks Cube/Middlewares/cube_solver/libcube_solver.a(compiler_builtins-39ac331f3ed62a2e.compiler_builtins.5b228f9b2b2289d6-cgu.119.rcgu.o)
                0x0800ad72                strlen
 .text.memset   0x0800ada6       0xf8 /Users/jorgelarach/Desktop/STM PROJECT WOOO/Rubiks Cube/Middlewares/cube_solver/libcube_solver.a(compiler_builtins-39ac331f3ed62a2e.compiler_builtins.5b228f9b2b2289d6-cgu.302.rcgu.o)
                0x0800ada6                memset
 .text.memcpy   0x0800ae9e        0xc /Users/jorgelarach/Desktop/STM PROJECT WOOO/Rubiks Cube/Middlewares/cube_solver/libcube_solver.a(compiler_builtins-39ac331f3ed62a2e.compiler_builtins.5b228f9b2b2289d6-cgu.340.rcgu.o)
                0x0800ae9e                memcpy
 *fill*         0x0800aeaa        0x2 
 .text.__aeabi_uldivmod
                0x0800aeac       0x14 /Users/jorgelarach/Desktop/STM PROJECT WOOO/Rubiks Cube/Middlewares/cube_solver/libcube_solver.a(compiler_builtins-39ac331f3ed62a2e.compiler_builtins.5b228f9b2b2289d6-cgu.413.rcgu.o)
                0x0800aeac                __aeabi_uldivmod
 .text._ZN17compiler_builtins3mem6memcpy17h76d83c5a68c1995dE
                0x0800aec0      0x2e6 /Users/jorgelarach/Desktop/STM PROJECT WOOO/Rubiks Cube/Middlewares/cube_solver/libcube_solver.a(compiler_builtins-39ac331f3ed62a2e.compiler_builtins.5b228f9b2b2289d6-cgu.012.rcgu.o)
                0x0800aec0                compiler_builtins::mem::memcpy
 .text.__udivmoddi4
                0x0800b1a6       0x30 /Users/jorgelarach/Desktop/STM PROJECT WOOO/Rubiks Cube/Middlewares/cube_solver/libcube_solver.a(compiler_builtins-39ac331f3ed62a2e.compiler_builtins.5b228f9b2b2289d6-cgu.279.rcgu.o)
                0x0800b1a6                __udivmoddi4
 .text._ZN17compiler_builtins3int19specialized_div_rem11u64_div_rem17h56a02874b2bc4b33E
                0x0800b1d6      0x360 /Users/jorgelarach/Desktop/STM PROJECT WOOO/Rubiks Cube/Middlewares/cube_solver/libcube_solver.a(compiler_builtins-39ac331f3ed62a2e.compiler_builtins.5b228f9b2b2289d6-cgu.017.rcgu.o)
                0x0800b1d6                compiler_builtins::int::specialized_div_rem::u64_div_rem
 *fill*         0x0800b536        0x2 
 .text.snprintf
                0x0800b538       0x6c /Applications/STM32CubeIDE.app/Contents/Eclipse/plugins/com.st.stm32cube.ide.mcu.externaltools.gnu-tools-for-stm32.13.3.rel1.macos64_1.0.0.202411102158/tools/bin/../lib/gcc/arm-none-eabi/13.3.1/../../../../arm-none-eabi/lib/thumb/v7e-m+fp/hard/libc_nano.a(libc_a-snprintf.o)
                0x0800b538                snprintf
                0x0800b538                sniprintf
 .text.__errno  0x0800b5a4        0xc /Applications/STM32CubeIDE.app/Contents/Eclipse/plugins/com.st.stm32cube.ide.mcu.externaltools.gnu-tools-for-stm32.13.3.rel1.macos64_1.0.0.202411102158/tools/bin/../lib/gcc/arm-none-eabi/13.3.1/../../../../arm-none-eabi/lib/thumb/v7e-m+fp/hard/libc_nano.a(libc_a-errno.o)
                0x0800b5a4                __errno
 .text.__libc_init_array
                0x0800b5b0       0x48 /Applications/STM32CubeIDE.app/Contents/Eclipse/plugins/com.st.stm32cube.ide.mcu.externaltools.gnu-tools-for-stm32.13.3.rel1.macos64_1.0.0.202411102158/tools/bin/../lib/gcc/arm-none-eabi/13.3.1/../../../../arm-none-eabi/lib/thumb/v7e-m+fp/hard/libc_nano.a(libc_a-init.o)
                0x0800b5b0                __libc_init_array
 .text.__retarget_lock_acquire_recursive
                0x0800b5f8        0x2 /Applications/STM32CubeIDE.app/Contents/Eclipse/plugins/com.st.stm32cube.ide.mcu.externaltools.gnu-tools-for-stm32.13.3.rel1.macos64_1.0.0.202411102158/tools/bin/../lib/gcc/arm-none-eabi/13.3.1/../../../../arm-none-eabi/lib/thumb/v7e-m+fp/hard/libc_nano.a(libc_a-lock.o)
                0x0800b5f8                __retarget_lock_acquire_recursive
 .text.__retarget_lock_release_recursive
                0x0800b5fa        0x2 /Applications/STM32CubeIDE.app/Contents/Eclipse/plugins/com.st.stm32cube.ide.mcu.externaltools.gnu-tools-for-stm32.13.3.rel1.macos64_1.0.0.202411102158/tools/bin/../lib/gcc/arm-none-eabi/13.3.1/../../../../arm-none-eabi/lib/thumb/v7e-m+fp/hard/libc_nano.a(libc_a-lock.o)
                0x0800b5fa                __retarget_lock_release_recursive
 .text._reclaim_reent
                0x0800b5fc       0xbc /Applications/STM32CubeIDE.app/Contents/Eclipse/plugins/com.st.stm32cube.ide.mcu.externaltools.gnu-tools-for-stm32.13.3.rel1.macos64_1.0.0.202411102158/tools/bin/../lib/gcc/arm-none-eabi/13.3.1/../../../../arm-none-eabi/lib/thumb/v7e-m+fp/hard/libc_nano.a(libc_a-reent.o)
                0x0800b5fc                _reclaim_reent
 .text._free_r  0x0800b6b8       0x94 /Applications/STM32CubeIDE.app/Contents/Eclipse/plugins/com.st.stm32cube.ide.mcu.externaltools.gnu-tools-for-stm32.13.3.rel1.macos64_1.0.0.202411102158/tools/bin/../lib/gcc/arm-none-eabi/13.3.1/../../../../arm-none-eabi/lib/thumb/v7e-m+fp/hard/libc_nano.a(libc_a-freer.o)
                0x0800b6b8                _free_r
 .text.__ssputs_r
                0x0800b74c       0xb6 /Applications/STM32CubeIDE.app/Contents/Eclipse/plugins/com.st.stm32cube.ide.mcu.externaltools.gnu-tools-for-stm32.13.3.rel1.macos64_1.0.0.202411102158/tools/bin/../lib/gcc/arm-none-eabi/13.3.1/../../../../arm-none-eabi/lib/thumb/v7e-m+fp/hard/libc_nano.a(libc_a-nano-svfprintf.o)
                0x0800b74c                __ssputs_r
 *fill*         0x0800b802        0x2 
 .text._svfprintf_r
                0x0800b804      0x1f8 /Applications/STM32CubeIDE.app/Contents/Eclipse/plugins/com.st.stm32cube.ide.mcu.externaltools.gnu-tools-for-stm32.13.3.rel1.macos64_1.0.0.202411102158/tools/bin/../lib/gcc/arm-none-eabi/13.3.1/../../../../arm-none-eabi/lib/thumb/v7e-m+fp/hard/libc_nano.a(libc_a-nano-svfprintf.o)
                0x0800b804                _svfprintf_r
                0x0800b804                _svfiprintf_r
 .text.sbrk_aligned
                0x0800b9fc       0x44 /Applications/STM32CubeIDE.app/Contents/Eclipse/plugins/com.st.stm32cube.ide.mcu.externaltools.gnu-tools-for-stm32.13.3.rel1.macos64_1.0.0.202411102158/tools/bin/../lib/gcc/arm-none-eabi/13.3.1/../../../../arm-none-eabi/lib/thumb/v7e-m+fp/hard/libc_nano.a(libc_a-mallocr.o)
 .text._malloc_r
                0x0800ba40      0x100 /Applications/STM32CubeIDE.app/Contents/Eclipse/plugins/com.st.stm32cube.ide.mcu.externaltools.gnu-tools-for-stm32.13.3.rel1.macos64_1.0.0.202411102158/tools/bin/../lib/gcc/arm-none-eabi/13.3.1/../../../../arm-none-eabi/lib/thumb/v7e-m+fp/hard/libc_nano.a(libc_a-mallocr.o)
                0x0800ba40                _malloc_r
 .text._printf_common
                0x0800bb40       0xda /Applications/STM32CubeIDE.app/Contents/Eclipse/plugins/com.st.stm32cube.ide.mcu.externaltools.gnu-tools-for-stm32.13.3.rel1.macos64_1.0.0.202411102158/tools/bin/../lib/gcc/arm-none-eabi/13.3.1/../../../../arm-none-eabi/lib/thumb/v7e-m+fp/hard/libc_nano.a(libc_a-nano-vfprintf_i.o)
                0x0800bb40                _printf_common
 *fill*         0x0800bc1a        0x2 
 .text._printf_i
                0x0800bc1c      0x23c /Applications/STM32CubeIDE.app/Contents/Eclipse/plugins/com.st.stm32cube.ide.mcu.externaltools.gnu-tools-for-stm32.13.3.rel1.macos64_1.0.0.202411102158/tools/bin/../lib/gcc/arm-none-eabi/13.3.1/../../../../arm-none-eabi/lib/thumb/v7e-m+fp/hard/libc_nano.a(libc_a-nano-vfprintf_i.o)
                0x0800bc1c                _printf_i
 .text.__malloc_lock
                0x0800be58        0xc /Applications/STM32CubeIDE.app/Contents/Eclipse/plugins/com.st.stm32cube.ide.mcu.externaltools.gnu-tools-for-stm32.13.3.rel1.macos64_1.0.0.202411102158/tools/bin/../lib/gcc/arm-none-eabi/13.3.1/../../../../arm-none-eabi/lib/thumb/v7e-m+fp/hard/libc_nano.a(libc_a-mlock.o)
                0x0800be58                __malloc_lock
 .text.__malloc_unlock
                0x0800be64        0xc /Applications/STM32CubeIDE.app/Contents/Eclipse/plugins/com.st.stm32cube.ide.mcu.externaltools.gnu-tools-for-stm32.13.3.rel1.macos64_1.0.0.202411102158/tools/bin/../lib/gcc/arm-none-eabi/13.3.1/../../../../arm-none-eabi/lib/thumb/v7e-m+fp/hard/libc_nano.a(libc_a-mlock.o)
                0x0800be64                __malloc_unlock
 .text._realloc_r
                0x0800be70       0x5c /Applications/STM32CubeIDE.app/Contents/Eclipse/plugins/com.st.stm32cube.ide.mcu.externaltools.gnu-tools-for-stm32.13.3.rel1.macos64_1.0.0.202411102158/tools/bin/../lib/gcc/arm-none-eabi/13.3.1/../../../../arm-none-eabi/lib/thumb/v7e-m+fp/hard/libc_nano.a(libc_a-reallocr.o)
                0x0800be70                _realloc_r
 .text.memmove  0x0800becc       0x34 /Applications/STM32CubeIDE.app/Contents/Eclipse/plugins/com.st.stm32cube.ide.mcu.externaltools.gnu-tools-for-stm32.13.3.rel1.macos64_1.0.0.202411102158/tools/bin/../lib/gcc/arm-none-eabi/13.3.1/../../../../arm-none-eabi/lib/thumb/v7e-m+fp/hard/libc_nano.a(libc_a-memmove.o)
                0x0800becc                memmove
 .text._sbrk_r  0x0800bf00       0x20 /Applications/STM32CubeIDE.app/Contents/Eclipse/plugins/com.st.stm32cube.ide.mcu.externaltools.gnu-tools-for-stm32.13.3.rel1.macos64_1.0.0.202411102158/tools/bin/../lib/gcc/arm-none-eabi/13.3.1/../../../../arm-none-eabi/lib/thumb/v7e-m+fp/hard/libc_nano.a(libc_a-sbrkr.o)
                0x0800bf00                _sbrk_r
 .text._malloc_usable_size_r
                0x0800bf20       0x10 /Applications/STM32CubeIDE.app/Contents/Eclipse/plugins/com.st.stm32cube.ide.mcu.externaltools.gnu-tools-for-stm32.13.3.rel1.macos64_1.0.0.202411102158/tools/bin/../lib/gcc/arm-none-eabi/13.3.1/../../../../arm-none-eabi/lib/thumb/v7e-m+fp/hard/libc_nano.a(libc_a-msizer.o)
                0x0800bf20                _malloc_usable_size_r
 *(.glue_7)
 .glue_7        0x0800bf30        0x0 linker stubs
 *(.glue_7t)
 .glue_7t       0x0800bf30        0x0 linker stubs
 *(.eh_frame)
 .eh_frame      0x0800bf30        0x0 /Applications/STM32CubeIDE.app/Contents/Eclipse/plugins/com.st.stm32cube.ide.mcu.externaltools.gnu-tools-for-stm32.13.3.rel1.macos64_1.0.0.202411102158/tools/bin/../lib/gcc/arm-none-eabi/13.3.1/thumb/v7e-m+fp/hard/crtbegin.o
 *(.init)
 .init          0x0800bf30        0x4 /Applications/STM32CubeIDE.app/Contents/Eclipse/plugins/com.st.stm32cube.ide.mcu.externaltools.gnu-tools-for-stm32.13.3.rel1.macos64_1.0.0.202411102158/tools/bin/../lib/gcc/arm-none-eabi/13.3.1/thumb/v7e-m+fp/hard/crti.o
                0x0800bf30                _init
 .init          0x0800bf34        0x8 /Applications/STM32CubeIDE.app/Contents/Eclipse/plugins/com.st.stm32cube.ide.mcu.externaltools.gnu-tools-for-stm32.13.3.rel1.macos64_1.0.0.202411102158/tools/bin/../lib/gcc/arm-none-eabi/13.3.1/thumb/v7e-m+fp/hard/crtn.o
 *(.fini)
 .fini          0x0800bf3c        0x4 /Applications/STM32CubeIDE.app/Contents/Eclipse/plugins/com.st.stm32cube.ide.mcu.externaltools.gnu-tools-for-stm32.13.3.rel1.macos64_1.0.0.202411102158/tools/bin/../lib/gcc/arm-none-eabi/13.3.1/thumb/v7e-m+fp/hard/crti.o
                0x0800bf3c                _fini
 .fini          0x0800bf40        0x8 /Applications/STM32CubeIDE.app/Contents/Eclipse/plugins/com.st.stm32cube.ide.mcu.externaltools.gnu-tools-for-stm32.13.3.rel1.macos64_1.0.0.202411102158/tools/bin/../lib/gcc/arm-none-eabi/13.3.1/thumb/v7e-m+fp/hard/crtn.o
                0x0800bf48                        . = ALIGN (0x4)
                0x0800bf48                        _etext = .

.vfp11_veneer   0x0800bf48        0x0
 .vfp11_veneer  0x0800bf48        0x0 linker stubs

.v4_bx          0x0800bf48        0x0
 .v4_bx         0x0800bf48        0x0 linker stubs

.iplt           0x0800bf48        0x0
 .iplt          0x0800bf48        0x0 /Applications/STM32CubeIDE.app/Contents/Eclipse/plugins/com.st.stm32cube.ide.mcu.externaltools.gnu-tools-for-stm32.13.3.rel1.macos64_1.0.0.202411102158/tools/bin/../lib/gcc/arm-none-eabi/13.3.1/thumb/v7e-m+fp/hard/crtbegin.o

.rodata         0x0800bf48       0xf4
                0x0800bf48                        . = ALIGN (0x4)
 *(.rodata)
 .rodata        0x0800bf48       0x24 ./Core/Src/main.o
 .rodata        0x0800bf6c        0x5 ./Middlewares/Third_Party/FreeRTOS/Source/tasks.o
 *fill*         0x0800bf71        0x3 
 .rodata        0x0800bf74        0xd ./Middlewares/Third_Party/FreeRTOS/Source/timers.o
 *fill*         0x0800bf81        0x3 
 .rodata        0x0800bf84       0x46 ./USB_DEVICE/App/usbd_desc.o
 *(.rodata*)
 *fill*         0x0800bfca        0x2 
 .rodata.MotionTask_attributes
                0x0800bfcc       0x24 ./Core/Src/main.o
                0x0800bfcc                MotionTask_attributes
 .rodata.AHBPrescTable
                0x0800bff0       0x10 ./Core/Src/system_stm32f4xx.o
                0x0800bff0                AHBPrescTable
 .rodata.APBPrescTable
                0x0800c000        0x8 ./Core/Src/system_stm32f4xx.o
                0x0800c000                APBPrescTable
 .rodata._svfprintf_r.str1.1
                0x0800c008       0x33 /Applications/STM32CubeIDE.app/Contents/Eclipse/plugins/com.st.stm32cube.ide.mcu.externaltools.gnu-tools-for-stm32.13.3.rel1.macos64_1.0.0.202411102158/tools/bin/../lib/gcc/arm-none-eabi/13.3.1/../../../../arm-none-eabi/lib/thumb/v7e-m+fp/hard/libc_nano.a(libc_a-nano-svfprintf.o)
                                 0x11 (size before relaxing)
 .rodata._printf_i.str1.1
                0x0800c03b       0x22 /Applications/STM32CubeIDE.app/Contents/Eclipse/plugins/com.st.stm32cube.ide.mcu.externaltools.gnu-tools-for-stm32.13.3.rel1.macos64_1.0.0.202411102158/tools/bin/../lib/gcc/arm-none-eabi/13.3.1/../../../../arm-none-eabi/lib/thumb/v7e-m+fp/hard/libc_nano.a(libc_a-nano-vfprintf_i.o)
                0x0800c060                        . = ALIGN (0x4)
 *fill*         0x0800c03b        0x1 

.ARM.extab      0x0800c03c        0x0
                0x0800c03c                        . = ALIGN (0x4)
 *(.ARM.extab* .gnu.linkonce.armextab.*)
                0x0800c03c                        . = ALIGN (0x4)

.ARM            0x0800c03c        0x8
                0x0800c03c                        . = ALIGN (0x4)
                0x0800c03c                        __exidx_start = .
 *(.ARM.exidx*)
 .ARM.exidx     0x0800c03c        0x8 /Applications/STM32CubeIDE.app/Contents/Eclipse/plugins/com.st.stm32cube.ide.mcu.externaltools.gnu-tools-for-stm32.13.3.rel1.macos64_1.0.0.202411102158/tools/bin/../lib/gcc/arm-none-eabi/13.3.1/../../../../arm-none-eabi/lib/thumb/v7e-m+fp/hard/libc_nano.a(libc_a-memchr.o)
 .ARM.exidx.text.solve_cube
                0x0800c044        0x0 /Users/jorgelarach/Desktop/STM PROJECT WOOO/Rubiks Cube/Middlewares/cube_solver/libcube_solver.a(cube_solver-9cb2d2c87d42d52d.cube_solver.7c6f56aa1cac7d27-cgu.0.rcgu.o)
                                  0x8 (size before relaxing)
 .ARM.exidx.text.strlen
                0x0800c044        0x0 /Users/jorgelarach/Desktop/STM PROJECT WOOO/Rubiks Cube/Middlewares/cube_solver/libcube_solver.a(compiler_builtins-39ac331f3ed62a2e.compiler_builtins.5b228f9b2b2289d6-cgu.119.rcgu.o)
                                  0x8 (size before relaxing)
 .ARM.exidx.text.memset
                0x0800c044        0x0 /Users/jorgelarach/Desktop/STM PROJECT WOOO/Rubiks Cube/Middlewares/cube_solver/libcube_solver.a(compiler_builtins-39ac331f3ed62a2e.compiler_builtins.5b228f9b2b2289d6-cgu.302.rcgu.o)
                                  0x8 (size before relaxing)
 .ARM.exidx.text.memcpy
                0x0800c044        0x0 /Users/jorgelarach/Desktop/STM PROJECT WOOO/Rubiks Cube/Middlewares/cube_solver/libcube_solver.a(compiler_builtins-39ac331f3ed62a2e.compiler_builtins.5b228f9b2b2289d6-cgu.340.rcgu.o)
                                  0x8 (size before relaxing)
 .ARM.exidx.text._ZN17compiler_builtins3mem6memcpy17h76d83c5a68c1995dE
                0x0800c044        0x0 /Users/jorgelarach/Desktop/STM PROJECT WOOO/Rubiks Cube/Middlewares/cube_solver/libcube_solver.a(compiler_builtins-39ac331f3ed62a2e.compiler_builtins.5b228f9b2b2289d6-cgu.012.rcgu.o)
                                  0x8 (size before relaxing)
 .ARM.exidx.text.__udivmoddi4
                0x0800c044        0x0 /Users/jorgelarach/Desktop/STM PROJECT WOOO/Rubiks Cube/Middlewares/cube_solver/libcube_solver.a(compiler_builtins-39ac331f3ed62a2e.compiler_builtins.5b228f9b2b2289d6-cgu.279.rcgu.o)
                                  0x8 (size before relaxing)
 .ARM.exidx.text._ZN17compiler_builtins3int19specialized_div_rem11u64_div_rem17h56a02874b2bc4b33E
                0x0800c044        0x0 /Users/jorgelarach/Desktop/STM PROJECT WOOO/Rubiks Cube/Middlewares/cube_solver/libcube_solver.a(compiler_builtins-39ac331f3ed62a2e.compiler_builtins.5b228f9b2b2289d6-cgu.017.rcgu.o)
                                  0x8 (size before relaxing)
                0x0800c044                        __exidx_end = .
                0x0800c044                        . = ALIGN (0x4)

.preinit_array  0x0800c044        0x0
                0x0800c044                        . = ALIGN (0x4)
                0x0800c044                        PROVIDE (__preinit_array_start = .)
 *(.preinit_array*)
                0x0800c044                        PROVIDE (__preinit_array_end = .)
                0x0800c044                        . = ALIGN (0x4)

.init_array     0x0800c044        0x4
                0x0800c044                        . = ALIGN (0x4)
                0x0800c044                        PROVIDE (__init_array_start = .)
 *(SORT_BY_NAME(.init_array.*))
 *(.init_array*)
 .init_array    0x0800c044        0x4 /Applications/STM32CubeIDE.app/Contents/Eclipse/plugins/com.st.stm32cube.ide.mcu.externaltools.gnu-tools-for-stm32.13.3.rel1.macos64_1.0.0.202411102158/tools/bin/../lib/gcc/arm-none-eabi/13.3.1/thumb/v7e-m+fp/hard/crtbegin.o
                0x0800c048                        PROVIDE (__init_array_end = .)
                0x0800c048                        . = ALIGN (0x4)

.fini_array     0x0800c048        0x4
                0x0800c048                        . = ALIGN (0x4)
                [!provide]                        PROVIDE (__fini_array_start = .)
 *(SORT_BY_NAME(.fini_array.*))
 *(.fini_array*)
 .fini_array    0x0800c048        0x4 /Applications/STM32CubeIDE.app/Contents/Eclipse/plugins/com.st.stm32cube.ide.mcu.externaltools.gnu-tools-for-stm32.13.3.rel1.macos64_1.0.0.202411102158/tools/bin/../lib/gcc/arm-none-eabi/13.3.1/thumb/v7e-m+fp/hard/crtbegin.o
                [!provide]                        PROVIDE (__fini_array_end = .)
                0x0800c04c                        . = ALIGN (0x4)
                0x0800c04c                        _sidata = LOADADDR (.data)

.rel.dyn        0x0800c04c        0x0
 .rel.iplt      0x0800c04c        0x0 /Applications/STM32CubeIDE.app/Contents/Eclipse/plugins/com.st.stm32cube.ide.mcu.externaltools.gnu-tools-for-stm32.13.3.rel1.macos64_1.0.0.202411102158/tools/bin/../lib/gcc/arm-none-eabi/13.3.1/thumb/v7e-m+fp/hard/crtbegin.o

.data           0x20000000      0x150 load address 0x0800c04c
                0x20000000                        . = ALIGN (0x4)
                0x20000000                        _sdata = .
 *(.data)
 *(.data*)
 .data.SystemCoreClock
                0x20000000        0x4 ./Core/Src/system_stm32f4xx.o
                0x20000000                SystemCoreClock
 .data.uwTickPrio
                0x20000004        0x4 ./Drivers/STM32F4xx_HAL_Driver/Src/stm32f4xx_hal.o
                0x20000004                uwTickPrio
 .data.uwTickFreq
                0x20000008        0x1 ./Drivers/STM32F4xx_HAL_Driver/Src/stm32f4xx_hal.o
                0x20000008                uwTickFreq
 *fill*         0x20000009        0x3 
 .data.USBD_CDC_DeviceQualifierDesc
                0x2000000c        0xa ./Middlewares/ST/STM32_USB_Device_Library/Class/CDC/Src/usbd_cdc.o
 *fill*         0x20000016        0x2 
 .data.USBD_CDC
                0x20000018       0x38 ./Middlewares/ST/STM32_USB_Device_Library/Class/CDC/Src/usbd_cdc.o
                0x20000018                USBD_CDC
 .data.USBD_CDC_CfgDesc
                0x20000050       0x43 ./Middlewares/ST/STM32_USB_Device_Library/Class/CDC/Src/usbd_cdc.o
 .data.CDCInEpAdd
                0x20000093        0x1 ./Middlewares/ST/STM32_USB_Device_Library/Class/CDC/Src/usbd_cdc.o
 .data.CDCOutEpAdd
                0x20000094        0x1 ./Middlewares/ST/STM32_USB_Device_Library/Class/CDC/Src/usbd_cdc.o
 .data.CDCCmdEpAdd
                0x20000095        0x1 ./Middlewares/ST/STM32_USB_Device_Library/Class/CDC/Src/usbd_cdc.o
 *fill*         0x20000096        0x2 
 .data.uxCriticalNesting
                0x20000098        0x4 ./Middlewares/Third_Party/FreeRTOS/Source/portable/GCC/ARM_CM4F/port.o
 .data.USBD_Interface_fops_FS
                0x2000009c       0x14 ./USB_DEVICE/App/usbd_cdc_if.o
                0x2000009c                USBD_Interface_fops_FS
 .data.FS_Desc  0x200000b0       0x1c ./USB_DEVICE/App/usbd_desc.o
                0x200000b0                FS_Desc
 .data.USBD_FS_DeviceDesc
                0x200000cc       0x12 ./USB_DEVICE/App/usbd_desc.o
                0x200000cc                USBD_FS_DeviceDesc
 *fill*         0x200000de        0x2 
 .data.USBD_LangIDDesc
                0x200000e0        0x4 ./USB_DEVICE/App/usbd_desc.o
                0x200000e0                USBD_LangIDDesc
 .data.USBD_StringSerial
                0x200000e4       0x1a ./USB_DEVICE/App/usbd_desc.o
                0x200000e4                USBD_StringSerial
 *fill*         0x200000fe        0x2 
 .data._impure_ptr
                0x20000100        0x4 /Applications/STM32CubeIDE.app/Contents/Eclipse/plugins/com.st.stm32cube.ide.mcu.externaltools.gnu-tools-for-stm32.13.3.rel1.macos64_1.0.0.202411102158/tools/bin/../lib/gcc/arm-none-eabi/13.3.1/../../../../arm-none-eabi/lib/thumb/v7e-m+fp/hard/libc_nano.a(libc_a-impure.o)
                0x20000100                _impure_ptr
 .data._impure_data
                0x20000104       0x4c /Applications/STM32CubeIDE.app/Contents/Eclipse/plugins/com.st.stm32cube.ide.mcu.externaltools.gnu-tools-for-stm32.13.3.rel1.macos64_1.0.0.202411102158/tools/bin/../lib/gcc/arm-none-eabi/13.3.1/../../../../arm-none-eabi/lib/thumb/v7e-m+fp/hard/libc_nano.a(libc_a-impure.o)
                0x20000104                _impure_data
 *(.RamFunc)
 *(.RamFunc*)
                0x20000150                        . = ALIGN (0x4)
                0x20000150                        _edata = .

.igot.plt       0x20000150        0x0 load address 0x0800c19c
 .igot.plt      0x20000150        0x0 /Applications/STM32CubeIDE.app/Contents/Eclipse/plugins/com.st.stm32cube.ide.mcu.externaltools.gnu-tools-for-stm32.13.3.rel1.macos64_1.0.0.202411102158/tools/bin/../lib/gcc/arm-none-eabi/13.3.1/thumb/v7e-m+fp/hard/crtbegin.o
                0x20000150                        . = ALIGN (0x4)

.bss            0x20000150     0x6938 load address 0x0800c19c
                0x20000150                        _sbss = .
                0x20000150                        __bss_start__ = _sbss
 *(.bss)
 .bss           0x20000150       0x1c /Applications/STM32CubeIDE.app/Contents/Eclipse/plugins/com.st.stm32cube.ide.mcu.externaltools.gnu-tools-for-stm32.13.3.rel1.macos64_1.0.0.202411102158/tools/bin/../lib/gcc/arm-none-eabi/13.3.1/thumb/v7e-m+fp/hard/crtbegin.o
 *(.bss*)
 .bss.htim3     0x2000016c       0x48 ./Core/Src/main.o
                0x2000016c                htim3
 .bss.huart2    0x200001b4       0x48 ./Core/Src/main.o
                0x200001b4                huart2
 .bss.MotionTaskHandle
                0x200001fc        0x4 ./Core/Src/main.o
                0x200001fc                MotionTaskHandle
 .bss.uart_buf  0x20000200       0x64 ./Core/Src/main.o
                0x20000200                uart_buf
 .bss.steppers  0x20000264       0x78 ./Core/Src/stepper.o
                0x20000264                steppers
 .bss.active_motor
                0x200002dc        0x1 ./Core/Src/stepper.o
                0x200002dc                active_motor
 .bss.step_level.0
                0x200002dd        0x1 ./Core/Src/stepper_timer.o
 *fill*         0x200002de        0x2 
 .bss.htim10    0x200002e0       0x48 ./Core/Src/stm32f4xx_hal_timebase_tim.o
                0x200002e0                htim10
 .bss.__sbrk_heap_end
                0x20000328        0x4 ./Core/Src/sysmem.o
 .bss.uwTick    0x2000032c        0x4 ./Drivers/STM32F4xx_HAL_Driver/Src/stm32f4xx_hal.o
                0x2000032c                uwTick
 .bss.cfgidx.0  0x20000330        0x1 ./Middlewares/ST/STM32_USB_Device_Library/Core/Src/usbd_ctlreq.o
 *fill*         0x20000331        0x3 
 .bss.KernelState
                0x20000334        0x4 ./Middlewares/Third_Party/FreeRTOS/Source/CMSIS_RTOS_V2/cmsis_os2.o
 .bss.Idle_TCB.3
                0x20000338       0xa8 ./Middlewares/Third_Party/FreeRTOS/Source/CMSIS_RTOS_V2/cmsis_os2.o
 .bss.Idle_Stack.2
                0x200003e0      0x200 ./Middlewares/Third_Party/FreeRTOS/Source/CMSIS_RTOS_V2/cmsis_os2.o
 .bss.Timer_TCB.1
                0x200005e0       0xa8 ./Middlewares/Third_Party/FreeRTOS/Source/CMSIS_RTOS_V2/cmsis_os2.o
 .bss.Timer_Stack.0
                0x20000688      0x400 ./Middlewares/Third_Party/FreeRTOS/Source/CMSIS_RTOS_V2/cmsis_os2.o
 .bss.xQueueRegistry
                0x20000a88       0x40 ./Middlewares/Third_Party/FreeRTOS/Source/queue.o
                0x20000a88                xQueueRegistry
 .bss.pxCurrentTCB
                0x20000ac8        0x4 ./Middlewares/Third_Party/FreeRTOS/Source/tasks.o
                0x20000ac8                pxCurrentTCB
 .bss.pxReadyTasksLists
                0x20000acc      0x460 ./Middlewares/Third_Party/FreeRTOS/Source/tasks.o
 .bss.xDelayedTaskList1
                0x20000f2c       0x14 ./Middlewares/Third_Party/FreeRTOS/Source/tasks.o
 .bss.xDelayedTaskList2
                0x20000f40       0x14 ./Middlewares/Third_Party/FreeRTOS/Source/tasks.o
 .bss.pxDelayedTaskList
                0x20000f54        0x4 ./Middlewares/Third_Party/FreeRTOS/Source/tasks.o
 .bss.pxOverflowDelayedTaskList
                0x20000f58        0x4 ./Middlewares/Third_Party/FreeRTOS/Source/tasks.o
 .bss.xPendingReadyList
                0x20000f5c       0x14 ./Middlewares/Third_Party/FreeRTOS/Source/tasks.o
 .bss.xTasksWaitingTermination
                0x20000f70       0x14 ./Middlewares/Third_Party/FreeRTOS/Source/tasks.o
 .bss.uxDeletedTasksWaitingCleanUp
                0x20000f84        0x4 ./Middlewares/Third_Party/FreeRTOS/Source/tasks.o
 .bss.xSuspendedTaskList
                0x20000f88       0x14 ./Middlewares/Third_Party/FreeRTOS/Source/tasks.o
 .bss.uxCurrentNumberOfTasks
                0x20000f9c        0x4 ./Middlewares/Third_Party/FreeRTOS/Source/tasks.o
 .bss.xTickCount
                0x20000fa0        0x4 ./Middlewares/Third_Party/FreeRTOS/Source/tasks.o
 .bss.uxTopReadyPriority
                0x20000fa4        0x4 ./Middlewares/Third_Party/FreeRTOS/Source/tasks.o
 .bss.xSchedulerRunning
                0x20000fa8        0x4 ./Middlewares/Third_Party/FreeRTOS/Source/tasks.o
 .bss.xPendedTicks
                0x20000fac        0x4 ./Middlewares/Third_Party/FreeRTOS/Source/tasks.o
 .bss.xYieldPending
                0x20000fb0        0x4 ./Middlewares/Third_Party/FreeRTOS/Source/tasks.o
 .bss.xNumOfOverflows
                0x20000fb4        0x4 ./Middlewares/Third_Party/FreeRTOS/Source/tasks.o
 .bss.uxTaskNumber
                0x20000fb8        0x4 ./Middlewares/Third_Party/FreeRTOS/Source/tasks.o
 .bss.xNextTaskUnblockTime
                0x20000fbc        0x4 ./Middlewares/Third_Party/FreeRTOS/Source/tasks.o
 .bss.xIdleTaskHandle
                0x20000fc0        0x4 ./Middlewares/Third_Party/FreeRTOS/Source/tasks.o
 .bss.uxSchedulerSuspended
                0x20000fc4        0x4 ./Middlewares/Third_Party/FreeRTOS/Source/tasks.o
 .bss.xActiveTimerList1
                0x20000fc8       0x14 ./Middlewares/Third_Party/FreeRTOS/Source/timers.o
 .bss.xActiveTimerList2
                0x20000fdc       0x14 ./Middlewares/Third_Party/FreeRTOS/Source/timers.o
 .bss.pxCurrentTimerList
                0x20000ff0        0x4 ./Middlewares/Third_Party/FreeRTOS/Source/timers.o
 .bss.pxOverflowTimerList
                0x20000ff4        0x4 ./Middlewares/Third_Party/FreeRTOS/Source/timers.o
 .bss.xTimerQueue
                0x20000ff8        0x4 ./Middlewares/Third_Party/FreeRTOS/Source/timers.o
 .bss.xTimerTaskHandle
                0x20000ffc        0x4 ./Middlewares/Third_Party/FreeRTOS/Source/timers.o
 .bss.xLastTime.2
                0x20001000        0x4 ./Middlewares/Third_Party/FreeRTOS/Source/timers.o
 .bss.ucStaticTimerQueueStorage.1
                0x20001004       0xa0 ./Middlewares/Third_Party/FreeRTOS/Source/timers.o
 .bss.xStaticTimerQueue.0
                0x200010a4       0x50 ./Middlewares/Third_Party/FreeRTOS/Source/timers.o
 .bss.ucMaxSysCallPriority
                0x200010f4        0x1 ./Middlewares/Third_Party/FreeRTOS/Source/portable/GCC/ARM_CM4F/port.o
 *fill*         0x200010f5        0x3 
 .bss.ulMaxPRIGROUPValue
                0x200010f8        0x4 ./Middlewares/Third_Party/FreeRTOS/Source/portable/GCC/ARM_CM4F/port.o
 .bss.ucHeap    0x200010fc     0x3c00 ./Middlewares/Third_Party/FreeRTOS/Source/portable/MemMang/heap_4.o
 .bss.xStart    0x20004cfc        0x8 ./Middlewares/Third_Party/FreeRTOS/Source/portable/MemMang/heap_4.o
 .bss.pxEnd     0x20004d04        0x4 ./Middlewares/Third_Party/FreeRTOS/Source/portable/MemMang/heap_4.o
 .bss.xFreeBytesRemaining
                0x20004d08        0x4 ./Middlewares/Third_Party/FreeRTOS/Source/portable/MemMang/heap_4.o
 .bss.xMinimumEverFreeBytesRemaining
                0x20004d0c        0x4 ./Middlewares/Third_Party/FreeRTOS/Source/portable/MemMang/heap_4.o
 .bss.xNumberOfSuccessfulAllocations
                0x20004d10        0x4 ./Middlewares/Third_Party/FreeRTOS/Source/portable/MemMang/heap_4.o
 .bss.xNumberOfSuccessfulFrees
                0x20004d14        0x4 ./Middlewares/Third_Party/FreeRTOS/Source/portable/MemMang/heap_4.o
 .bss.xBlockAllocatedBit
                0x20004d18        0x4 ./Middlewares/Third_Party/FreeRTOS/Source/portable/MemMang/heap_4.o
 .bss.hUsbDeviceFS
                0x20004d1c      0x2dc ./USB_DEVICE/App/usb_device.o
                0x20004d1c                hUsbDeviceFS
 .bss.rx_buffer
                0x20004ff8       0x40 ./USB_DEVICE/App/usbd_cdc_if.o
                0x20004ff8                rx_buffer
 .bss.rx_len    0x20005038        0x4 ./USB_DEVICE/App/usbd_cdc_if.o
                0x20005038                rx_len
 .bss.UserRxBufferFS
                0x2000503c      0x800 ./USB_DEVICE/App/usbd_cdc_if.o
                0x2000503c                UserRxBufferFS
 .bss.UserTxBufferFS
                0x2000583c      0x800 ./USB_DEVICE/App/usbd_cdc_if.o
                0x2000583c                UserTxBufferFS
 .bss.USBD_StrDesc
                0x2000603c      0x200 ./USB_DEVICE/App/usbd_desc.o
                0x2000603c                USBD_StrDesc
 .bss.hpcd_USB_OTG_FS
                0x2000623c      0x4e4 ./USB_DEVICE/Target/usbd_conf.o
                0x2000623c                hpcd_USB_OTG_FS
 .bss.mem.0     0x20006720      0x220 ./USB_DEVICE/Target/usbd_conf.o
 .bss.__sf      0x20006940      0x138 /Applications/STM32CubeIDE.app/Contents/Eclipse/plugins/com.st.stm32cube.ide.mcu.externaltools.gnu-tools-for-stm32.13.3.rel1.macos64_1.0.0.202411102158/tools/bin/../lib/gcc/arm-none-eabi/13.3.1/../../../../arm-none-eabi/lib/thumb/v7e-m+fp/hard/libc_nano.a(libc_a-findfp.o)
                0x20006940                __sf
 .bss.__lock___malloc_recursive_mutex
                0x20006a78        0x1 /Applications/STM32CubeIDE.app/Contents/Eclipse/plugins/com.st.stm32cube.ide.mcu.externaltools.gnu-tools-for-stm32.13.3.rel1.macos64_1.0.0.202411102158/tools/bin/../lib/gcc/arm-none-eabi/13.3.1/../../../../arm-none-eabi/lib/thumb/v7e-m+fp/hard/libc_nano.a(libc_a-lock.o)
                0x20006a78                __lock___malloc_recursive_mutex
 *fill*         0x20006a79        0x3 
 .bss.errno     0x20006a7c        0x4 /Applications/STM32CubeIDE.app/Contents/Eclipse/plugins/com.st.stm32cube.ide.mcu.externaltools.gnu-tools-for-stm32.13.3.rel1.macos64_1.0.0.202411102158/tools/bin/../lib/gcc/arm-none-eabi/13.3.1/../../../../arm-none-eabi/lib/thumb/v7e-m+fp/hard/libc_nano.a(libc_a-reent.o)
                0x20006a7c                errno
 .bss.__malloc_sbrk_start
                0x20006a80        0x4 /Applications/STM32CubeIDE.app/Contents/Eclipse/plugins/com.st.stm32cube.ide.mcu.externaltools.gnu-tools-for-stm32.13.3.rel1.macos64_1.0.0.202411102158/tools/bin/../lib/gcc/arm-none-eabi/13.3.1/../../../../arm-none-eabi/lib/thumb/v7e-m+fp/hard/libc_nano.a(libc_a-mallocr.o)
                0x20006a80                __malloc_sbrk_start
 .bss.__malloc_free_list
                0x20006a84        0x4 /Applications/STM32CubeIDE.app/Contents/Eclipse/plugins/com.st.stm32cube.ide.mcu.externaltools.gnu-tools-for-stm32.13.3.rel1.macos64_1.0.0.202411102158/tools/bin/../lib/gcc/arm-none-eabi/13.3.1/../../../../arm-none-eabi/lib/thumb/v7e-m+fp/hard/libc_nano.a(libc_a-mallocr.o)
                0x20006a84                __malloc_free_list
 *(COMMON)
                0x20006a88                        . = ALIGN (0x4)
                0x20006a88                        _ebss = .
                0x20006a88                        __bss_end__ = _ebss

._user_heap_stack
                0x20006a88      0x600 load address 0x0800c19c
                0x20006a88                        . = ALIGN (0x8)
                [!provide]                        PROVIDE (end = .)
                0x20006a88                        PROVIDE (_end = .)
                0x20006c88                        . = (. + _Min_Heap_Size)
 *fill*         0x20006a88      0x200 
                0x20007088                        . = (. + _Min_Stack_Size)
 *fill*         0x20006c88      0x400 
                0x20007088                        . = ALIGN (0x8)

/DISCARD/
 libc.a(*)
 libm.a(*)
 libgcc.a(*)

.ARM.attributes
                0x00000000       0x36
 *(.ARM.attributes)
 .ARM.attributes
                0x00000000       0x22 /Applications/STM32CubeIDE.app/Contents/Eclipse/plugins/com.st.stm32cube.ide.mcu.externaltools.gnu-tools-for-stm32.13.3.rel1.macos64_1.0.0.202411102158/tools/bin/../lib/gcc/arm-none-eabi/13.3.1/thumb/v7e-m+fp/hard/crti.o
 .ARM.attributes